Archive member included to satisfy reference by file (symbol)

/usr/lib/gcc/arm-none-eabi/12.1.0/thumb/v7e-m/nofp/libgcc.a(_aeabi_uldivmod.o)
                              CMakeFiles/stm32_temp_sensor.elf.dir/Drivers/STM32F4xx_HAL_Driver/Src/stm32f4xx_hal_rcc.c.obj (__aeabi_uldivmod)
/usr/lib/gcc/arm-none-eabi/12.1.0/thumb/v7e-m/nofp/libgcc.a(_udivmoddi4.o)
                              /usr/lib/gcc/arm-none-eabi/12.1.0/thumb/v7e-m/nofp/libgcc.a(_aeabi_uldivmod.o) (__udivmoddi4)
/usr/lib/gcc/arm-none-eabi/12.1.0/thumb/v7e-m/nofp/libgcc.a(_dvmd_tls.o)
                              /usr/lib/gcc/arm-none-eabi/12.1.0/thumb/v7e-m/nofp/libgcc.a(_aeabi_uldivmod.o) (__aeabi_ldiv0)
/usr/lib/gcc/arm-none-eabi/12.1.0/../../../../arm-none-eabi/lib/thumb/v7e-m/nofp/libg_nano.a(lib_a-atexit.o)
                              /usr/lib/gcc/arm-none-eabi/12.1.0/../../../../arm-none-eabi/lib/thumb/v7e-m/nofp/crt0.o (atexit)
/usr/lib/gcc/arm-none-eabi/12.1.0/../../../../arm-none-eabi/lib/thumb/v7e-m/nofp/libg_nano.a(lib_a-errno.o)
                              CMakeFiles/stm32_temp_sensor.elf.dir/Core/Src/syscalls.c.obj (__errno)
/usr/lib/gcc/arm-none-eabi/12.1.0/../../../../arm-none-eabi/lib/thumb/v7e-m/nofp/libg_nano.a(lib_a-exit.o)
                              /usr/lib/gcc/arm-none-eabi/12.1.0/../../../../arm-none-eabi/lib/thumb/v7e-m/nofp/crt0.o (exit)
/usr/lib/gcc/arm-none-eabi/12.1.0/../../../../arm-none-eabi/lib/thumb/v7e-m/nofp/libg_nano.a(lib_a-fini.o)
                              /usr/lib/gcc/arm-none-eabi/12.1.0/../../../../arm-none-eabi/lib/thumb/v7e-m/nofp/crt0.o (__libc_fini_array)
/usr/lib/gcc/arm-none-eabi/12.1.0/../../../../arm-none-eabi/lib/thumb/v7e-m/nofp/libg_nano.a(lib_a-impure.o)
                              /usr/lib/gcc/arm-none-eabi/12.1.0/../../../../arm-none-eabi/lib/thumb/v7e-m/nofp/libg_nano.a(lib_a-exit.o) (_global_impure_ptr)
/usr/lib/gcc/arm-none-eabi/12.1.0/../../../../arm-none-eabi/lib/thumb/v7e-m/nofp/libg_nano.a(lib_a-init.o)
                              /usr/lib/gcc/arm-none-eabi/12.1.0/../../../../arm-none-eabi/lib/thumb/v7e-m/nofp/crt0.o (__libc_init_array)
/usr/lib/gcc/arm-none-eabi/12.1.0/../../../../arm-none-eabi/lib/thumb/v7e-m/nofp/libg_nano.a(lib_a-memset.o)
                              /usr/lib/gcc/arm-none-eabi/12.1.0/../../../../arm-none-eabi/lib/thumb/v7e-m/nofp/crt0.o (memset)
/usr/lib/gcc/arm-none-eabi/12.1.0/../../../../arm-none-eabi/lib/thumb/v7e-m/nofp/libg_nano.a(lib_a-printf.o)
                              CMakeFiles/stm32_temp_sensor.elf.dir/Core/Src/main.c.obj (printf)
/usr/lib/gcc/arm-none-eabi/12.1.0/../../../../arm-none-eabi/lib/thumb/v7e-m/nofp/libg_nano.a(lib_a-__atexit.o)
                              /usr/lib/gcc/arm-none-eabi/12.1.0/../../../../arm-none-eabi/lib/thumb/v7e-m/nofp/libg_nano.a(lib_a-atexit.o) (__register_exitproc)
/usr/lib/gcc/arm-none-eabi/12.1.0/../../../../arm-none-eabi/lib/thumb/v7e-m/nofp/libg_nano.a(lib_a-__call_atexit.o)
                              /usr/lib/gcc/arm-none-eabi/12.1.0/../../../../arm-none-eabi/lib/thumb/v7e-m/nofp/libg_nano.a(lib_a-__atexit.o) (__call_exitprocs)
/usr/lib/gcc/arm-none-eabi/12.1.0/../../../../arm-none-eabi/lib/thumb/v7e-m/nofp/libg_nano.a(lib_a-findfp.o)
                              /usr/lib/gcc/arm-none-eabi/12.1.0/../../../../arm-none-eabi/lib/thumb/v7e-m/nofp/libg_nano.a(lib_a-printf.o) (__sinit)
/usr/lib/gcc/arm-none-eabi/12.1.0/../../../../arm-none-eabi/lib/thumb/v7e-m/nofp/libg_nano.a(lib_a-fwalk.o)
                              /usr/lib/gcc/arm-none-eabi/12.1.0/../../../../arm-none-eabi/lib/thumb/v7e-m/nofp/libg_nano.a(lib_a-findfp.o) (_fwalk)
/usr/lib/gcc/arm-none-eabi/12.1.0/../../../../arm-none-eabi/lib/thumb/v7e-m/nofp/libg_nano.a(lib_a-lock.o)
                              /usr/lib/gcc/arm-none-eabi/12.1.0/../../../../arm-none-eabi/lib/thumb/v7e-m/nofp/libg_nano.a(lib_a-findfp.o) (__retarget_lock_init_recursive)
/usr/lib/gcc/arm-none-eabi/12.1.0/../../../../arm-none-eabi/lib/thumb/v7e-m/nofp/libg_nano.a(lib_a-nano-mallocr.o)
                              /usr/lib/gcc/arm-none-eabi/12.1.0/../../../../arm-none-eabi/lib/thumb/v7e-m/nofp/libg_nano.a(lib_a-findfp.o) (_malloc_r)
/usr/lib/gcc/arm-none-eabi/12.1.0/../../../../arm-none-eabi/lib/thumb/v7e-m/nofp/libg_nano.a(lib_a-nano-vfprintf.o)
                              /usr/lib/gcc/arm-none-eabi/12.1.0/../../../../arm-none-eabi/lib/thumb/v7e-m/nofp/libg_nano.a(lib_a-printf.o) (_vfprintf_r)
/usr/lib/gcc/arm-none-eabi/12.1.0/../../../../arm-none-eabi/lib/thumb/v7e-m/nofp/libg_nano.a(lib_a-sbrkr.o)
                              /usr/lib/gcc/arm-none-eabi/12.1.0/../../../../arm-none-eabi/lib/thumb/v7e-m/nofp/libg_nano.a(lib_a-nano-mallocr.o) (_sbrk_r)
/usr/lib/gcc/arm-none-eabi/12.1.0/../../../../arm-none-eabi/lib/thumb/v7e-m/nofp/libg_nano.a(lib_a-stdio.o)
                              /usr/lib/gcc/arm-none-eabi/12.1.0/../../../../arm-none-eabi/lib/thumb/v7e-m/nofp/libg_nano.a(lib_a-findfp.o) (__sread)
[...]
Memory Configuration

Name             Origin             Length             Attributes
RAM              0x0000000020000000 0x0000000000010000 xrw
FLASH            0x0000000008000000 0x0000000000040000 xr
*default*        0x0000000000000000 0xffffffffffffffff

Linker script and memory map

LOAD /usr/lib/gcc/arm-none-eabi/12.1.0/thumb/v7e-m/nofp/crti.o
LOAD /usr/lib/gcc/arm-none-eabi/12.1.0/thumb/v7e-m/nofp/crtbegin.o
LOAD /usr/lib/gcc/arm-none-eabi/12.1.0/../../../../arm-none-eabi/lib/thumb/v7e-m/nofp/crt0.o
LOAD CMakeFiles/stm32_temp_sensor.elf.dir/Core/Src/main.c.obj
LOAD CMakeFiles/stm32_temp_sensor.elf.dir/Core/Src/stm32f4xx_hal_msp.c.obj
LOAD CMakeFiles/stm32_temp_sensor.elf.dir/Core/Src/stm32f4xx_it.c.obj
LOAD CMakeFiles/stm32_temp_sensor.elf.dir/Core/Src/syscalls.c.obj
LOAD CMakeFiles/stm32_temp_sensor.elf.dir/Core/Src/sysmem.c.obj
LOAD CMakeFiles/stm32_temp_sensor.elf.dir/Core/Src/system_stm32f4xx.c.obj
LOAD CMakeFiles/stm32_temp_sensor.elf.dir/Core/Startup/startup_stm32f401ccux.s.obj
LOAD CMakeFiles/stm32_temp_sensor.elf.dir/Drivers/STM32F4xx_HAL_Driver/Src/stm32f4xx_hal.c.obj
LOAD CMakeFiles/stm32_temp_sensor.elf.dir/Drivers/STM32F4xx_HAL_Driver/Src/stm32f4xx_hal_adc.c.obj
LOAD CMakeFiles/stm32_temp_sensor.elf.dir/Drivers/STM32F4xx_HAL_Driver/Src/stm32f4xx_hal_adc_ex.c.obj
LOAD CMakeFiles/stm32_temp_sensor.elf.dir/Drivers/STM32F4xx_HAL_Driver/Src/stm32f4xx_hal_cortex.c.obj
LOAD CMakeFiles/stm32_temp_sensor.elf.dir/Drivers/STM32F4xx_HAL_Driver/Src/stm32f4xx_hal_dma.c.obj
LOAD CMakeFiles/stm32_temp_sensor.elf.dir/Drivers/STM32F4xx_HAL_Driver/Src/stm32f4xx_hal_dma_ex.c.obj
LOAD CMakeFiles/stm32_temp_sensor.elf.dir/Drivers/STM32F4xx_HAL_Driver/Src/stm32f4xx_hal_exti.c.obj
LOAD CMakeFiles/stm32_temp_sensor.elf.dir/Drivers/STM32F4xx_HAL_Driver/Src/stm32f4xx_hal_flash.c.obj
LOAD CMakeFiles/stm32_temp_sensor.elf.dir/Drivers/STM32F4xx_HAL_Driver/Src/stm32f4xx_hal_flash_ex.c.obj
LOAD CMakeFiles/stm32_temp_sensor.elf.dir/Drivers/STM32F4xx_HAL_Driver/Src/stm32f4xx_hal_flash_ramfunc.c.obj
LOAD CMakeFiles/stm32_temp_sensor.elf.dir/Drivers/STM32F4xx_HAL_Driver/Src/stm32f4xx_hal_gpio.c.obj
LOAD CMakeFiles/stm32_temp_sensor.elf.dir/Drivers/STM32F4xx_HAL_Driver/Src/stm32f4xx_hal_pwr.c.obj
LOAD CMakeFiles/stm32_temp_sensor.elf.dir/Drivers/STM32F4xx_HAL_Driver/Src/stm32f4xx_hal_pwr_ex.c.obj
LOAD CMakeFiles/stm32_temp_sensor.elf.dir/Drivers/STM32F4xx_HAL_Driver/Src/stm32f4xx_hal_rcc.c.obj
LOAD CMakeFiles/stm32_temp_sensor.elf.dir/Drivers/STM32F4xx_HAL_Driver/Src/stm32f4xx_hal_rcc_ex.c.obj
LOAD CMakeFiles/stm32_temp_sensor.elf.dir/Drivers/STM32F4xx_HAL_Driver/Src/stm32f4xx_hal_tim.c.obj
LOAD CMakeFiles/stm32_temp_sensor.elf.dir/Drivers/STM32F4xx_HAL_Driver/Src/stm32f4xx_hal_tim_ex.c.obj
LOAD CMakeFiles/stm32_temp_sensor.elf.dir/Drivers/STM32F4xx_HAL_Driver/Src/stm32f4xx_ll_adc.c.obj
START GROUP
LOAD /usr/lib/gcc/arm-none-eabi/12.1.0/thumb/v7e-m/nofp/libgcc.a
LOAD /usr/lib/gcc/arm-none-eabi/12.1.0/../../../../arm-none-eabi/lib/thumb/v7e-m/nofp/libg_nano.a
LOAD /usr/lib/gcc/arm-none-eabi/12.1.0/../../../../arm-none-eabi/lib/thumb/v7e-m/nofp/libc_nano.a
END GROUP
START GROUP
LOAD /usr/lib/gcc/arm-none-eabi/12.1.0/thumb/v7e-m/nofp/libgcc.a
LOAD /usr/lib/gcc/arm-none-eabi/12.1.0/../../../../arm-none-eabi/lib/thumb/v7e-m/nofp/libc_nano.a
LOAD /usr/lib/gcc/arm-none-eabi/12.1.0/../../../../arm-none-eabi/lib/thumb/v7e-m/nofp/libnosys.a
END GROUP
START GROUP
LOAD /usr/lib/gcc/arm-none-eabi/12.1.0/thumb/v7e-m/nofp/libgcc.a
LOAD /usr/lib/gcc/arm-none-eabi/12.1.0/../../../../arm-none-eabi/lib/thumb/v7e-m/nofp/libc_nano.a
LOAD /usr/lib/gcc/arm-none-eabi/12.1.0/../../../../arm-none-eabi/lib/thumb/v7e-m/nofp/libnosys.a
END GROUP
LOAD /usr/lib/gcc/arm-none-eabi/12.1.0/thumb/v7e-m/nofp/crtend.o
LOAD /usr/lib/gcc/arm-none-eabi/12.1.0/thumb/v7e-m/nofp/crtn.o
                0x0000000020010000                _estack = (ORIGIN (RAM) + LENGTH (RAM))
                0x0000000000000200                _Min_Heap_Size = 0x200
                0x0000000000000400                _Min_Stack_Size = 0x400

.isr_vector     0x0000000008000000      0x194
                0x0000000008000000                . = ALIGN (0x4)
 *(.isr_vector)
 .isr_vector    0x0000000008000000      0x194 CMakeFiles/stm32_temp_sensor.elf.dir/Core/Startup/startup_stm32f401ccux.s.obj
                0x0000000008000000                g_pfnVectors
                0x0000000008000194                . = ALIGN (0x4)

.text           0x00000000080001a0     0x2288
                0x00000000080001a0                . = ALIGN (0x4)
 *(.text)
 .text          0x00000000080001a0       0x30 /usr/lib/gcc/arm-none-eabi/12.1.0/thumb/v7e-m/nofp/libgcc.a(_aeabi_uldivmod.o)
                0x00000000080001a0                __aeabi_uldivmod
 .text          0x00000000080001d0        0x4 /usr/lib/gcc/arm-none-eabi/12.1.0/thumb/v7e-m/nofp/libgcc.a(_dvmd_tls.o)
                0x00000000080001d0                __aeabi_ldiv0
                0x00000000080001d0                __aeabi_idiv0
 *fill*         0x00000000080001d4        0xc 
 .text          0x00000000080001e0       0xa0 /usr/lib/gcc/arm-none-eabi/12.1.0/../../../../arm-none-eabi/lib/thumb/v7e-m/nofp/libg_nano.a(lib_a-memchr.o)
                0x00000000080001e0                memchr
 *(.text*)
 .text.__do_global_dtors_aux
                0x0000000008000280       0x24 /usr/lib/gcc/arm-none-eabi/12.1.0/thumb/v7e-m/nofp/crtbegin.o
 .text.frame_dummy
                0x00000000080002a4       0x1c /usr/lib/gcc/arm-none-eabi/12.1.0/thumb/v7e-m/nofp/crtbegin.o
 .text.ITM_SendChar
                0x00000000080002c0       0x34 CMakeFiles/stm32_temp_sensor.elf.dir/Core/Src/main.c.obj
 .text.MX_GPIO_Init
                0x00000000080002f4       0x4c CMakeFiles/stm32_temp_sensor.elf.dir/Core/Src/main.c.obj
 .text._write   0x0000000008000340       0x1c CMakeFiles/stm32_temp_sensor.elf.dir/Core/Src/main.c.obj
                0x0000000008000340                _write
 .text.Error_Handler
                0x000000000800035c        0x4 CMakeFiles/stm32_temp_sensor.elf.dir/Core/Src/main.c.obj
                0x000000000800035c                Error_Handler
 .text.MX_ADC1_Init
                0x0000000008000360       0x68 CMakeFiles/stm32_temp_sensor.elf.dir/Core/Src/main.c.obj
 .text.SystemClock_Config
                0x00000000080003c8       0xac CMakeFiles/stm32_temp_sensor.elf.dir/Core/Src/main.c.obj
                0x00000000080003c8                SystemClock_Config
 .text.main     0x0000000008000474       0x38 CMakeFiles/stm32_temp_sensor.elf.dir/Core/Src/main.c.obj
                0x0000000008000474                main
 .text.HAL_MspInit
                0x00000000080004ac       0x38 CMakeFiles/stm32_temp_sensor.elf.dir/Core/Src/stm32f4xx_hal_msp.c.obj
                0x00000000080004ac                HAL_MspInit
 .text.HAL_ADC_MspInit
                0x00000000080004e4       0x30 CMakeFiles/stm32_temp_sensor.elf.dir/Core/Src/stm32f4xx_hal_msp.c.obj
                0x00000000080004e4                HAL_ADC_MspInit
 .text.NMI_Handler
                0x0000000008000514        0x8 CMakeFiles/stm32_temp_sensor.elf.dir/Core/Src/stm32f4xx_it.c.obj
                0x0000000008000514                NMI_Handler
 .text.HardFault_Handler
                0x000000000800051c        0x2 CMakeFiles/stm32_temp_sensor.elf.dir/Core/Src/stm32f4xx_it.c.obj
                0x000000000800051c                HardFault_Handler
 .text.MemManage_Handler
                0x000000000800051e        0x2 CMakeFiles/stm32_temp_sensor.elf.dir/Core/Src/stm32f4xx_it.c.obj
                0x000000000800051e                MemManage_Handler
 .text.BusFault_Handler
                0x0000000008000520        0x2 CMakeFiles/stm32_temp_sensor.elf.dir/Core/Src/stm32f4xx_it.c.obj
                0x0000000008000520                BusFault_Handler
 .text.UsageFault_Handler
                0x0000000008000522        0x2 CMakeFiles/stm32_temp_sensor.elf.dir/Core/Src/stm32f4xx_it.c.obj
                0x0000000008000522                UsageFault_Handler
 .text.SVC_Handler
                0x0000000008000524        0x2 CMakeFiles/stm32_temp_sensor.elf.dir/Core/Src/stm32f4xx_it.c.obj
                0x0000000008000524                SVC_Handler
 .text.DebugMon_Handler
                0x0000000008000526        0x2 CMakeFiles/stm32_temp_sensor.elf.dir/Core/Src/stm32f4xx_it.c.obj
                0x0000000008000526                DebugMon_Handler
 .text.PendSV_Handler
                0x0000000008000528        0x2 CMakeFiles/stm32_temp_sensor.elf.dir/Core/Src/stm32f4xx_it.c.obj
                0x0000000008000528                PendSV_Handler
 .text.SysTick_Handler
                0x000000000800052a        0x8 CMakeFiles/stm32_temp_sensor.elf.dir/Core/Src/stm32f4xx_it.c.obj
                0x000000000800052a                SysTick_Handler
 .text._read    0x0000000008000532       0x20 CMakeFiles/stm32_temp_sensor.elf.dir/Core/Src/syscalls.c.obj
                0x0000000008000532                _read
 .text._close   0x0000000008000552        0x6 CMakeFiles/stm32_temp_sensor.elf.dir/Core/Src/syscalls.c.obj
                0x0000000008000552                _close
 .text._fstat   0x0000000008000558        0xa CMakeFiles/stm32_temp_sensor.elf.dir/Core/Src/syscalls.c.obj
                0x0000000008000558                _fstat
 .text._isatty  0x0000000008000562        0x4 CMakeFiles/stm32_temp_sensor.elf.dir/Core/Src/syscalls.c.obj
                0x0000000008000562                _isatty
 .text._lseek   0x0000000008000566        0x4 CMakeFiles/stm32_temp_sensor.elf.dir/Core/Src/syscalls.c.obj
                0x0000000008000566                _lseek
 *fill*         0x000000000800056a        0x2 
 .text._sbrk    0x000000000800056c       0x48 CMakeFiles/stm32_temp_sensor.elf.dir/Core/Src/sysmem.c.obj
                0x000000000800056c                _sbrk
 .text.SystemInit
                0x00000000080005b4        0x2 CMakeFiles/stm32_temp_sensor.elf.dir/Core/Src/system_stm32f4xx.c.obj
                0x00000000080005b4                SystemInit
 *fill*         0x00000000080005b6        0x2 
 .text.Reset_Handler
                0x00000000080005b8       0x50 CMakeFiles/stm32_temp_sensor.elf.dir/Core/Startup/startup_stm32f401ccux.s.obj
                0x00000000080005b8                Reset_Handler
 .text.Default_Handler
                0x0000000008000608        0x2 CMakeFiles/stm32_temp_sensor.elf.dir/Core/Startup/startup_stm32f401ccux.s.obj
                0x0000000008000608                RTC_Alarm_IRQHandler
                0x0000000008000608                EXTI2_IRQHandler
                0x0000000008000608                SPI4_IRQHandler
                0x0000000008000608                TIM1_CC_IRQHandler
                0x0000000008000608                DMA2_Stream5_IRQHandler
                0x0000000008000608                DMA1_Stream5_IRQHandler
                0x0000000008000608                PVD_IRQHandler
                0x0000000008000608                SDIO_IRQHandler
                0x0000000008000608                TAMP_STAMP_IRQHandler
                0x0000000008000608                EXTI3_IRQHandler
                0x0000000008000608                TIM1_UP_TIM10_IRQHandler
                0x0000000008000608                I2C3_ER_IRQHandler
                0x0000000008000608                EXTI0_IRQHandler
                0x0000000008000608                I2C2_EV_IRQHandler
                0x0000000008000608                DMA1_Stream2_IRQHandler
                0x0000000008000608                FPU_IRQHandler
                0x0000000008000608                DMA2_Stream2_IRQHandler
                0x0000000008000608                SPI1_IRQHandler
                0x0000000008000608                TIM1_BRK_TIM9_IRQHandler
                0x0000000008000608                DMA2_Stream3_IRQHandler
                0x0000000008000608                USART6_IRQHandler
                0x0000000008000608                DMA2_Stream0_IRQHandler
                0x0000000008000608                TIM4_IRQHandler
                0x0000000008000608                I2C1_EV_IRQHandler
                0x0000000008000608                DMA1_Stream6_IRQHandler
                0x0000000008000608                DMA1_Stream1_IRQHandler
                0x0000000008000608                TIM3_IRQHandler
                0x0000000008000608                RCC_IRQHandler
                0x0000000008000608                Default_Handler
                0x0000000008000608                EXTI15_10_IRQHandler
                0x0000000008000608                ADC_IRQHandler
                0x0000000008000608                DMA1_Stream7_IRQHandler
                0x0000000008000608                TIM5_IRQHandler
                0x0000000008000608                DMA2_Stream7_IRQHandler
                0x0000000008000608                I2C3_EV_IRQHandler
                0x0000000008000608                EXTI9_5_IRQHandler
                0x0000000008000608                RTC_WKUP_IRQHandler
                0x0000000008000608                SPI2_IRQHandler
                0x0000000008000608                DMA1_Stream0_IRQHandler
                0x0000000008000608                EXTI4_IRQHandler
                0x0000000008000608                WWDG_IRQHandler
                0x0000000008000608                TIM2_IRQHandler
                0x0000000008000608                OTG_FS_WKUP_IRQHandler
                0x0000000008000608                TIM1_TRG_COM_TIM11_IRQHandler
                0x0000000008000608                EXTI1_IRQHandler
                0x0000000008000608                USART2_IRQHandler
                0x0000000008000608                I2C2_ER_IRQHandler
                0x0000000008000608                DMA2_Stream1_IRQHandler
                0x0000000008000608                FLASH_IRQHandler
                0x0000000008000608                DMA2_Stream4_IRQHandler
                0x0000000008000608                USART1_IRQHandler
                0x0000000008000608                OTG_FS_IRQHandler
                0x0000000008000608                SPI3_IRQHandler
                0x0000000008000608                DMA1_Stream4_IRQHandler
                0x0000000008000608                I2C1_ER_IRQHandler
                0x0000000008000608                DMA2_Stream6_IRQHandler
                0x0000000008000608                DMA1_Stream3_IRQHandler
 *fill*         0x000000000800060a        0x2 
 .text.HAL_InitTick
                0x000000000800060c       0x4c CMakeFiles/stm32_temp_sensor.elf.dir/Drivers/STM32F4xx_HAL_Driver/Src/stm32f4xx_hal.c.obj
                0x000000000800060c                HAL_InitTick
 .text.HAL_Init
                0x0000000008000658       0x34 CMakeFiles/stm32_temp_sensor.elf.dir/Drivers/STM32F4xx_HAL_Driver/Src/stm32f4xx_hal.c.obj
                0x0000000008000658                HAL_Init
 .text.HAL_IncTick
                0x000000000800068c       0x18 CMakeFiles/stm32_temp_sensor.elf.dir/Drivers/STM32F4xx_HAL_Driver/Src/stm32f4xx_hal.c.obj
                0x000000000800068c                HAL_IncTick
 .text.HAL_GetTick
                0x00000000080006a4        0xc CMakeFiles/stm32_temp_sensor.elf.dir/Drivers/STM32F4xx_HAL_Driver/Src/stm32f4xx_hal.c.obj
                0x00000000080006a4                HAL_GetTick
 .text.HAL_Delay
                0x00000000080006b0       0x28 CMakeFiles/stm32_temp_sensor.elf.dir/Drivers/STM32F4xx_HAL_Driver/Src/stm32f4xx_hal.c.obj
                0x00000000080006b0                HAL_Delay
 .text.ADC_Init
                0x00000000080006d8      0x134 CMakeFiles/stm32_temp_sensor.elf.dir/Drivers/STM32F4xx_HAL_Driver/Src/stm32f4xx_hal_adc.c.obj
 .text.HAL_ADC_Init
                0x000000000800080c       0x56 CMakeFiles/stm32_temp_sensor.elf.dir/Drivers/STM32F4xx_HAL_Driver/Src/stm32f4xx_hal_adc.c.obj
                0x000000000800080c                HAL_ADC_Init
 *fill*         0x0000000008000862        0x2 
 .text.HAL_ADC_Start
                0x0000000008000864      0x108 CMakeFiles/stm32_temp_sensor.elf.dir/Drivers/STM32F4xx_HAL_Driver/Src/stm32f4xx_hal_adc.c.obj
                0x0000000008000864                HAL_ADC_Start
 .text.HAL_ADC_GetValue
                0x000000000800096c        0x6 CMakeFiles/stm32_temp_sensor.elf.dir/Drivers/STM32F4xx_HAL_Driver/Src/stm32f4xx_hal_adc.c.obj
                0x000000000800096c                HAL_ADC_GetValue
 *fill*         0x0000000008000972        0x2 
 .text.HAL_ADC_ConfigChannel
                0x0000000008000974      0x194 CMakeFiles/stm32_temp_sensor.elf.dir/Drivers/STM32F4xx_HAL_Driver/Src/stm32f4xx_hal_adc.c.obj
                0x0000000008000974                HAL_ADC_ConfigChannel
 .text.__NVIC_SetPriority
                0x0000000008000b08       0x28 CMakeFiles/stm32_temp_sensor.elf.dir/Drivers/STM32F4xx_HAL_Driver/Src/stm32f4xx_hal_cortex.c.obj
 .text.NVIC_EncodePriority
                0x0000000008000b30       0x3e CMakeFiles/stm32_temp_sensor.elf.dir/Drivers/STM32F4xx_HAL_Driver/Src/stm32f4xx_hal_cortex.c.obj
 *fill*         0x0000000008000b6e        0x2 
 .text.HAL_NVIC_SetPriorityGrouping
                0x0000000008000b70       0x24 CMakeFiles/stm32_temp_sensor.elf.dir/Drivers/STM32F4xx_HAL_Driver/Src/stm32f4xx_hal_cortex.c.obj
                0x0000000008000b70                HAL_NVIC_SetPriorityGrouping
 .text.HAL_NVIC_SetPriority
                0x0000000008000b94       0x20 CMakeFiles/stm32_temp_sensor.elf.dir/Drivers/STM32F4xx_HAL_Driver/Src/stm32f4xx_hal_cortex.c.obj
                0x0000000008000b94                HAL_NVIC_SetPriority
 .text.HAL_SYSTICK_Config
                0x0000000008000bb4       0x28 CMakeFiles/stm32_temp_sensor.elf.dir/Drivers/STM32F4xx_HAL_Driver/Src/stm32f4xx_hal_cortex.c.obj
                0x0000000008000bb4                HAL_SYSTICK_Config
 .text.HAL_RCC_OscConfig
                0x0000000008000bdc      0x3f8 CMakeFiles/stm32_temp_sensor.elf.dir/Drivers/STM32F4xx_HAL_Driver/Src/stm32f4xx_hal_rcc.c.obj
                0x0000000008000bdc                HAL_RCC_OscConfig
 .text.HAL_RCC_EnableCSS
                0x0000000008000fd4        0xc CMakeFiles/stm32_temp_sensor.elf.dir/Drivers/STM32F4xx_HAL_Driver/Src/stm32f4xx_hal_rcc.c.obj
                0x0000000008000fd4                HAL_RCC_EnableCSS
 .text.HAL_RCC_GetSysClockFreq
                0x0000000008000fe0       0xa8 CMakeFiles/stm32_temp_sensor.elf.dir/Drivers/STM32F4xx_HAL_Driver/Src/stm32f4xx_hal_rcc.c.obj
                0x0000000008000fe0                HAL_RCC_GetSysClockFreq
 .text.HAL_RCC_ClockConfig
                0x0000000008001088      0x160 CMakeFiles/stm32_temp_sensor.elf.dir/Drivers/STM32F4xx_HAL_Driver/Src/stm32f4xx_hal_rcc.c.obj
                0x0000000008001088                HAL_RCC_ClockConfig
 .text.HAL_RCC_CSSCallback
                0x00000000080011e8        0x2 CMakeFiles/stm32_temp_sensor.elf.dir/Drivers/STM32F4xx_HAL_Driver/Src/stm32f4xx_hal_rcc.c.obj
                0x00000000080011e8                HAL_RCC_CSSCallback
 *fill*         0x00000000080011ea        0x2 
 .text.HAL_RCC_NMI_IRQHandler
                0x00000000080011ec       0x20 CMakeFiles/stm32_temp_sensor.elf.dir/Drivers/STM32F4xx_HAL_Driver/Src/stm32f4xx_hal_rcc.c.obj
                0x00000000080011ec                HAL_RCC_NMI_IRQHandler
 .text.__udivmoddi4
                0x000000000800120c      0x2a0 /usr/lib/gcc/arm-none-eabi/12.1.0/thumb/v7e-m/nofp/libgcc.a(_udivmoddi4.o)
                0x000000000800120c                __udivmoddi4
 .text.__errno  0x00000000080014ac        0xc /usr/lib/gcc/arm-none-eabi/12.1.0/../../../../arm-none-eabi/lib/thumb/v7e-m/nofp/libg_nano.a(lib_a-errno.o)
                0x00000000080014ac                __errno
 .text.__libc_init_array
                0x00000000080014b8       0x48 /usr/lib/gcc/arm-none-eabi/12.1.0/../../../../arm-none-eabi/lib/thumb/v7e-m/nofp/libg_nano.a(lib_a-init.o)
                0x00000000080014b8                __libc_init_array
 .text.memset   0x0000000008001500       0x10 /usr/lib/gcc/arm-none-eabi/12.1.0/../../../../arm-none-eabi/lib/thumb/v7e-m/nofp/libg_nano.a(lib_a-memset.o)
                0x0000000008001500                memset
 .text.printf   0x0000000008001510       0x30 /usr/lib/gcc/arm-none-eabi/12.1.0/../../../../arm-none-eabi/lib/thumb/v7e-m/nofp/libg_nano.a(lib_a-printf.o)
                0x0000000008001510                printf
                0x0000000008001510                iprintf
 .text.std      0x0000000008001540       0x48 /usr/lib/gcc/arm-none-eabi/12.1.0/../../../../arm-none-eabi/lib/thumb/v7e-m/nofp/libg_nano.a(lib_a-findfp.o)
 .text._cleanup_r
                0x0000000008001588        0xc /usr/lib/gcc/arm-none-eabi/12.1.0/../../../../arm-none-eabi/lib/thumb/v7e-m/nofp/libg_nano.a(lib_a-findfp.o)
                0x0000000008001588                _cleanup_r
 .text.__sfmoreglue
                0x0000000008001594       0x2c /usr/lib/gcc/arm-none-eabi/12.1.0/../../../../arm-none-eabi/lib/thumb/v7e-m/nofp/libg_nano.a(lib_a-findfp.o)
                0x0000000008001594                __sfmoreglue
 .text.__sfp_lock_acquire
                0x00000000080015c0        0xc /usr/lib/gcc/arm-none-eabi/12.1.0/../../../../arm-none-eabi/lib/thumb/v7e-m/nofp/libg_nano.a(lib_a-findfp.o)
                0x00000000080015c0                __sfp_lock_acquire
 .text.__sfp_lock_release
                0x00000000080015cc        0xc /usr/lib/gcc/arm-none-eabi/12.1.0/../../../../arm-none-eabi/lib/thumb/v7e-m/nofp/libg_nano.a(lib_a-findfp.o)
                0x00000000080015cc                __sfp_lock_release
 .text.__sinit_lock_acquire
                0x00000000080015d8        0xc /usr/lib/gcc/arm-none-eabi/12.1.0/../../../../arm-none-eabi/lib/thumb/v7e-m/nofp/libg_nano.a(lib_a-findfp.o)
                0x00000000080015d8                __sinit_lock_acquire
 .text.__sinit_lock_release
                0x00000000080015e4        0xc /usr/lib/gcc/arm-none-eabi/12.1.0/../../../../arm-none-eabi/lib/thumb/v7e-m/nofp/libg_nano.a(lib_a-findfp.o)
                0x00000000080015e4                __sinit_lock_release
 .text.__sinit  0x00000000080015f0       0x70 /usr/lib/gcc/arm-none-eabi/12.1.0/../../../../arm-none-eabi/lib/thumb/v7e-m/nofp/libg_nano.a(lib_a-findfp.o)
                0x00000000080015f0                __sinit
 .text.__sfp    0x0000000008001660       0x8c /usr/lib/gcc/arm-none-eabi/12.1.0/../../../../arm-none-eabi/lib/thumb/v7e-m/nofp/libg_nano.a(lib_a-findfp.o)
                0x0000000008001660                __sfp
 .text._fwalk_reent
                0x00000000080016ec       0x3e /usr/lib/gcc/arm-none-eabi/12.1.0/../../../../arm-none-eabi/lib/thumb/v7e-m/nofp/libg_nano.a(lib_a-fwalk.o)
                0x00000000080016ec                _fwalk_reent
 .text.__retarget_lock_init_recursive
                0x000000000800172a        0x2 /usr/lib/gcc/arm-none-eabi/12.1.0/../../../../arm-none-eabi/lib/thumb/v7e-m/nofp/libg_nano.a(lib_a-lock.o)
                0x000000000800172a                __retarget_lock_init_recursive
 .text.__retarget_lock_acquire_recursive
                0x000000000800172c        0x2 /usr/lib/gcc/arm-none-eabi/12.1.0/../../../../arm-none-eabi/lib/thumb/v7e-m/nofp/libg_nano.a(lib_a-lock.o)
                0x000000000800172c                __retarget_lock_acquire_recursive
 .text.__retarget_lock_release_recursive
                0x000000000800172e        0x2 /usr/lib/gcc/arm-none-eabi/12.1.0/../../../../arm-none-eabi/lib/thumb/v7e-m/nofp/libg_nano.a(lib_a-lock.o)
                0x000000000800172e                __retarget_lock_release_recursive
 .text.sbrk_aligned
                0x0000000008001730       0x40 /usr/lib/gcc/arm-none-eabi/12.1.0/../../../../arm-none-eabi/lib/thumb/v7e-m/nofp/libg_nano.a(lib_a-nano-mallocr.o)
 .text._malloc_r
                0x0000000008001770       0xe8 /usr/lib/gcc/arm-none-eabi/12.1.0/../../../../arm-none-eabi/lib/thumb/v7e-m/nofp/libg_nano.a(lib_a-nano-mallocr.o)
                0x0000000008001770                _malloc_r
 .text.__sfputc_r
                0x0000000008001858       0x2a /usr/lib/gcc/arm-none-eabi/12.1.0/../../../../arm-none-eabi/lib/thumb/v7e-m/nofp/libg_nano.a(lib_a-nano-vfprintf.o)
 .text.__sfputs_r
                0x0000000008001882       0x24 /usr/lib/gcc/arm-none-eabi/12.1.0/../../../../arm-none-eabi/lib/thumb/v7e-m/nofp/libg_nano.a(lib_a-nano-vfprintf.o)
                0x0000000008001882                __sfputs_r
 *fill*         0x00000000080018a6        0x2 
 .text._vfprintf_r
                0x00000000080018a8      0x25c /usr/lib/gcc/arm-none-eabi/12.1.0/../../../../arm-none-eabi/lib/thumb/v7e-m/nofp/libg_nano.a(lib_a-nano-vfprintf.o)
                0x00000000080018a8                _vfiprintf_r
                0x00000000080018a8                _vfprintf_r
 .text._sbrk_r  0x0000000008001b04       0x20 /usr/lib/gcc/arm-none-eabi/12.1.0/../../../../arm-none-eabi/lib/thumb/v7e-m/nofp/libg_nano.a(lib_a-sbrkr.o)
                0x0000000008001b04                _sbrk_r
 .text.__sread  0x0000000008001b24       0x22 /usr/lib/gcc/arm-none-eabi/12.1.0/../../../../arm-none-eabi/lib/thumb/v7e-m/nofp/libg_nano.a(lib_a-stdio.o)
                0x0000000008001b24                __sread
 .text.__swrite
                0x0000000008001b46       0x38 /usr/lib/gcc/arm-none-eabi/12.1.0/../../../../arm-none-eabi/lib/thumb/v7e-m/nofp/libg_nano.a(lib_a-stdio.o)
                0x0000000008001b46                __swrite
 .text.__sseek  0x0000000008001b7e       0x24 /usr/lib/gcc/arm-none-eabi/12.1.0/../../../../arm-none-eabi/lib/thumb/v7e-m/nofp/libg_nano.a(lib_a-stdio.o)
                0x0000000008001b7e                __sseek
 .text.__sclose
                0x0000000008001ba2        0x8 /usr/lib/gcc/arm-none-eabi/12.1.0/../../../../arm-none-eabi/lib/thumb/v7e-m/nofp/libg_nano.a(lib_a-stdio.o)
                0x0000000008001ba2                __sclose
 *fill*         0x0000000008001baa        0x2 
 .text.__swbuf_r
                0x0000000008001bac       0xa4 /usr/lib/gcc/arm-none-eabi/12.1.0/../../../../arm-none-eabi/lib/thumb/v7e-m/nofp/libg_nano.a(lib_a-wbuf.o)
                0x0000000008001bac                __swbuf_r
 .text._write_r
                0x0000000008001c50       0x24 /usr/lib/gcc/arm-none-eabi/12.1.0/../../../../arm-none-eabi/lib/thumb/v7e-m/nofp/libg_nano.a(lib_a-writer.o)
                0x0000000008001c50                _write_r
 .text.__swsetup_r
                0x0000000008001c74       0xdc /usr/lib/gcc/arm-none-eabi/12.1.0/../../../../arm-none-eabi/lib/thumb/v7e-m/nofp/libg_nano.a(lib_a-wsetup.o)
                0x0000000008001c74                __swsetup_r
 .text._close_r
                0x0000000008001d50       0x20 /usr/lib/gcc/arm-none-eabi/12.1.0/../../../../arm-none-eabi/lib/thumb/v7e-m/nofp/libg_nano.a(lib_a-closer.o)
                0x0000000008001d50                _close_r
 .text.__sflush_r
                0x0000000008001d70      0x104 /usr/lib/gcc/arm-none-eabi/12.1.0/../../../../arm-none-eabi/lib/thumb/v7e-m/nofp/libg_nano.a(lib_a-fflush.o)
                0x0000000008001d70                __sflush_r
 .text._fflush_r
                0x0000000008001e74       0x78 /usr/lib/gcc/arm-none-eabi/12.1.0/../../../../arm-none-eabi/lib/thumb/v7e-m/nofp/libg_nano.a(lib_a-fflush.o)
                0x0000000008001e74                _fflush_r
 .text._lseek_r
                0x0000000008001eec       0x24 /usr/lib/gcc/arm-none-eabi/12.1.0/../../../../arm-none-eabi/lib/thumb/v7e-m/nofp/libg_nano.a(lib_a-lseekr.o)
                0x0000000008001eec                _lseek_r
 .text.__swhatbuf_r
                0x0000000008001f10       0x4c /usr/lib/gcc/arm-none-eabi/12.1.0/../../../../arm-none-eabi/lib/thumb/v7e-m/nofp/libg_nano.a(lib_a-makebuf.o)
                0x0000000008001f10                __swhatbuf_r
 .text.__smakebuf_r
                0x0000000008001f5c       0x80 /usr/lib/gcc/arm-none-eabi/12.1.0/../../../../arm-none-eabi/lib/thumb/v7e-m/nofp/libg_nano.a(lib_a-makebuf.o)
                0x0000000008001f5c                __smakebuf_r
 .text.__malloc_lock
                0x0000000008001fdc        0xc /usr/lib/gcc/arm-none-eabi/12.1.0/../../../../arm-none-eabi/lib/thumb/v7e-m/nofp/libg_nano.a(lib_a-mlock.o)
                0x0000000008001fdc                __malloc_lock
 .text.__malloc_unlock
                0x0000000008001fe8        0xc /usr/lib/gcc/arm-none-eabi/12.1.0/../../../../arm-none-eabi/lib/thumb/v7e-m/nofp/libg_nano.a(lib_a-mlock.o)
                0x0000000008001fe8                __malloc_unlock
 .text._free_r  0x0000000008001ff4       0x94 /usr/lib/gcc/arm-none-eabi/12.1.0/../../../../arm-none-eabi/lib/thumb/v7e-m/nofp/libg_nano.a(lib_a-nano-freer.o)
                0x0000000008001ff4                _free_r
 .text._printf_common
                0x0000000008002088       0xda /usr/lib/gcc/arm-none-eabi/12.1.0/../../../../arm-none-eabi/lib/thumb/v7e-m/nofp/libg_nano.a(lib_a-nano-vfprintf_i.o)
                0x0000000008002088                _printf_common
 *fill*         0x0000000008002162        0x2 
 .text._printf_i
                0x0000000008002164      0x244 /usr/lib/gcc/arm-none-eabi/12.1.0/../../../../arm-none-eabi/lib/thumb/v7e-m/nofp/libg_nano.a(lib_a-nano-vfprintf_i.o)
                0x0000000008002164                _printf_i
 .text._read_r  0x00000000080023a8       0x24 /usr/lib/gcc/arm-none-eabi/12.1.0/../../../../arm-none-eabi/lib/thumb/v7e-m/nofp/libg_nano.a(lib_a-readr.o)
                0x00000000080023a8                _read_r
 .text._fstat_r
                0x00000000080023cc       0x24 /usr/lib/gcc/arm-none-eabi/12.1.0/../../../../arm-none-eabi/lib/thumb/v7e-m/nofp/libg_nano.a(lib_a-fstatr.o)
                0x00000000080023cc                _fstat_r
 .text._isatty_r
                0x00000000080023f0       0x20 /usr/lib/gcc/arm-none-eabi/12.1.0/../../../../arm-none-eabi/lib/thumb/v7e-m/nofp/libg_nano.a(lib_a-isattyr.o)
                0x00000000080023f0                _isatty_r
 *(.glue_7)
 .glue_7        0x0000000008002410        0x0 linker stubs
 *(.glue_7t)
 .glue_7t       0x0000000008002410        0x0 linker stubs
 *(.eh_frame)
 .eh_frame      0x0000000008002410        0x0 /usr/lib/gcc/arm-none-eabi/12.1.0/thumb/v7e-m/nofp/crtbegin.o
 *(.init)
 .init          0x0000000008002410        0x4 /usr/lib/gcc/arm-none-eabi/12.1.0/thumb/v7e-m/nofp/crti.o
                0x0000000008002410                _init
 .init          0x0000000008002414        0x8 /usr/lib/gcc/arm-none-eabi/12.1.0/thumb/v7e-m/nofp/crtn.o
 *(.fini)
 .fini          0x000000000800241c        0x4 /usr/lib/gcc/arm-none-eabi/12.1.0/thumb/v7e-m/nofp/crti.o
                0x000000000800241c                _fini
 .fini          0x0000000008002420        0x8 /usr/lib/gcc/arm-none-eabi/12.1.0/thumb/v7e-m/nofp/crtn.o
                0x0000000008002428                . = ALIGN (0x4)
                0x0000000008002428                _etext = .

.vfp11_veneer   0x0000000008002428        0x0
 .vfp11_veneer  0x0000000008002428        0x0 linker stubs

.v4_bx          0x0000000008002428        0x0
 .v4_bx         0x0000000008002428        0x0 linker stubs

.iplt           0x0000000008002428        0x0
 .iplt          0x0000000008002428        0x0 /usr/lib/gcc/arm-none-eabi/12.1.0/thumb/v7e-m/nofp/crtbegin.o

.rodata         0x0000000008002428       0xb4
                0x0000000008002428                . = ALIGN (0x4)
 *(.rodata)
 *(.rodata*)
 .rodata.main.str1.4
                0x0000000008002428        0xa CMakeFiles/stm32_temp_sensor.elf.dir/Core/Src/main.c.obj
 *fill*         0x0000000008002432        0x2 
 .rodata.AHBPrescTable
                0x0000000008002434       0x10 CMakeFiles/stm32_temp_sensor.elf.dir/Core/Src/system_stm32f4xx.c.obj
                0x0000000008002434                AHBPrescTable
 .rodata._global_impure_ptr
                0x0000000008002444        0x4 /usr/lib/gcc/arm-none-eabi/12.1.0/../../../../arm-none-eabi/lib/thumb/v7e-m/nofp/libg_nano.a(lib_a-impure.o)
                0x0000000008002444                _global_impure_ptr
 .rodata.__sf_fake_stderr
                0x0000000008002448       0x20 /usr/lib/gcc/arm-none-eabi/12.1.0/../../../../arm-none-eabi/lib/thumb/v7e-m/nofp/libg_nano.a(lib_a-findfp.o)
                0x0000000008002448                __sf_fake_stderr
 .rodata.__sf_fake_stdin
                0x0000000008002468       0x20 /usr/lib/gcc/arm-none-eabi/12.1.0/../../../../arm-none-eabi/lib/thumb/v7e-m/nofp/libg_nano.a(lib_a-findfp.o)
                0x0000000008002468                __sf_fake_stdin
 .rodata.__sf_fake_stdout
                0x0000000008002488       0x20 /usr/lib/gcc/arm-none-eabi/12.1.0/../../../../arm-none-eabi/lib/thumb/v7e-m/nofp/libg_nano.a(lib_a-findfp.o)
                0x0000000008002488                __sf_fake_stdout
 .rodata._vfprintf_r.str1.1
                0x00000000080024a8       0x11 /usr/lib/gcc/arm-none-eabi/12.1.0/../../../../arm-none-eabi/lib/thumb/v7e-m/nofp/libg_nano.a(lib_a-nano-vfprintf.o)
 .rodata._printf_i.str1.1
                0x00000000080024b9       0x22 /usr/lib/gcc/arm-none-eabi/12.1.0/../../../../arm-none-eabi/lib/thumb/v7e-m/nofp/libg_nano.a(lib_a-nano-vfprintf_i.o)
                0x00000000080024dc                . = ALIGN (0x4)
 *fill*         0x00000000080024db        0x1 

.ARM.extab      0x00000000080024dc        0x0
                0x00000000080024dc                . = ALIGN (0x4)
 *(.ARM.extab* .gnu.linkonce.armextab.*)
                0x00000000080024dc                . = ALIGN (0x4)

.ARM            0x00000000080024dc        0x8
                0x00000000080024dc                . = ALIGN (0x4)
                0x00000000080024dc                __exidx_start = .
 *(.ARM.exidx*)
 .ARM.exidx.text.__udivmoddi4
                0x00000000080024dc        0x8 /usr/lib/gcc/arm-none-eabi/12.1.0/thumb/v7e-m/nofp/libgcc.a(_udivmoddi4.o)
                0x00000000080024e4                __exidx_end = .
                0x00000000080024e4                . = ALIGN (0x4)

.rel.dyn        0x00000000080024e4        0x0
 .rel.iplt      0x00000000080024e4        0x0 /usr/lib/gcc/arm-none-eabi/12.1.0/thumb/v7e-m/nofp/crtbegin.o

.preinit_array  0x00000000080024e4        0x0
                0x00000000080024e4                . = ALIGN (0x4)
                0x00000000080024e4                PROVIDE (__preinit_array_start = .)
 *(.preinit_array*)
                0x00000000080024e4                PROVIDE (__preinit_array_end = .)
                0x00000000080024e4                . = ALIGN (0x4)

.init_array     0x00000000080024e4        0x4
                0x00000000080024e4                . = ALIGN (0x4)
                0x00000000080024e4                PROVIDE (__init_array_start = .)
 *(SORT_BY_NAME(.init_array.*))
 *(.init_array*)
 .init_array    0x00000000080024e4        0x4 /usr/lib/gcc/arm-none-eabi/12.1.0/thumb/v7e-m/nofp/crtbegin.o
                0x00000000080024e8                PROVIDE (__init_array_end = .)
                0x00000000080024e8                . = ALIGN (0x4)

.fini_array     0x00000000080024e8        0x4
                0x00000000080024e8                . = ALIGN (0x4)
                0x00000000080024e8                PROVIDE (__fini_array_start = .)
 *(SORT_BY_NAME(.fini_array.*))
 *(.fini_array*)
 .fini_array    0x00000000080024e8        0x4 /usr/lib/gcc/arm-none-eabi/12.1.0/thumb/v7e-m/nofp/crtbegin.o
                0x00000000080024ec                PROVIDE (__fini_array_end = .)
                0x00000000080024ec                . = ALIGN (0x4)
                0x00000000080024ec                _sidata = LOADADDR (.data)

.data           0x0000000020000000       0x70 load address 0x00000000080024ec
                0x0000000020000000                . = ALIGN (0x4)
                0x0000000020000000                _sdata = .
 *(.data)
 *(.data*)
 .data.SystemCoreClock
                0x0000000020000000        0x4 CMakeFiles/stm32_temp_sensor.elf.dir/Core/Src/system_stm32f4xx.c.obj
                0x0000000020000000                SystemCoreClock
 .data.uwTickFreq
                0x0000000020000004        0x1 CMakeFiles/stm32_temp_sensor.elf.dir/Drivers/STM32F4xx_HAL_Driver/Src/stm32f4xx_hal.c.obj
                0x0000000020000004                uwTickFreq
 *fill*         0x0000000020000005        0x3 
 .data.uwTickPrio
                0x0000000020000008        0x4 CMakeFiles/stm32_temp_sensor.elf.dir/Drivers/STM32F4xx_HAL_Driver/Src/stm32f4xx_hal.c.obj
                0x0000000020000008                uwTickPrio
 .data._impure_ptr
                0x000000002000000c        0x4 /usr/lib/gcc/arm-none-eabi/12.1.0/../../../../arm-none-eabi/lib/thumb/v7e-m/nofp/libg_nano.a(lib_a-impure.o)
                0x000000002000000c                _impure_ptr
 .data.impure_data
                0x0000000020000010       0x60 /usr/lib/gcc/arm-none-eabi/12.1.0/../../../../arm-none-eabi/lib/thumb/v7e-m/nofp/libg_nano.a(lib_a-impure.o)
 *(.RamFunc)
 *(.RamFunc*)
                0x0000000020000070                . = ALIGN (0x4)
                0x0000000020000070                _edata = .

.igot.plt       0x0000000020000070        0x0 load address 0x000000000800255c
 .igot.plt      0x0000000020000070        0x0 /usr/lib/gcc/arm-none-eabi/12.1.0/thumb/v7e-m/nofp/crtbegin.o
                0x0000000020000070                . = ALIGN (0x4)

.bss            0x0000000020000070       0x7c load address 0x000000000800255c
                0x0000000020000070                _sbss = .
                0x0000000020000070                __bss_start__ = _sbss
 *(.bss)
 *(.bss*)
 .bss.completed.1
                0x0000000020000070        0x1 /usr/lib/gcc/arm-none-eabi/12.1.0/thumb/v7e-m/nofp/crtbegin.o
 *fill*         0x0000000020000071        0x3 
 .bss.object.0  0x0000000020000074       0x18 /usr/lib/gcc/arm-none-eabi/12.1.0/thumb/v7e-m/nofp/crtbegin.o
 .bss.hadc1     0x000000002000008c       0x48 CMakeFiles/stm32_temp_sensor.elf.dir/Core/Src/main.c.obj
                0x000000002000008c                hadc1
 .bss.__sbrk_heap_end
                0x00000000200000d4        0x4 CMakeFiles/stm32_temp_sensor.elf.dir/Core/Src/sysmem.c.obj
 .bss.uwTick    0x00000000200000d8        0x4 CMakeFiles/stm32_temp_sensor.elf.dir/Drivers/STM32F4xx_HAL_Driver/Src/stm32f4xx_hal.c.obj
                0x00000000200000d8                uwTick
 .bss.__lock___malloc_recursive_mutex
                0x00000000200000dc        0x1 /usr/lib/gcc/arm-none-eabi/12.1.0/../../../../arm-none-eabi/lib/thumb/v7e-m/nofp/libg_nano.a(lib_a-lock.o)
                0x00000000200000dc                __lock___malloc_recursive_mutex
 .bss.__lock___sfp_recursive_mutex
                0x00000000200000dd        0x1 /usr/lib/gcc/arm-none-eabi/12.1.0/../../../../arm-none-eabi/lib/thumb/v7e-m/nofp/libg_nano.a(lib_a-lock.o)
                0x00000000200000dd                __lock___sfp_recursive_mutex
 .bss.__lock___sinit_recursive_mutex
                0x00000000200000de        0x1 /usr/lib/gcc/arm-none-eabi/12.1.0/../../../../arm-none-eabi/lib/thumb/v7e-m/nofp/libg_nano.a(lib_a-lock.o)
                0x00000000200000de                __lock___sinit_recursive_mutex
 *fill*         0x00000000200000df        0x1 
 .bss.__malloc_free_list
                0x00000000200000e0        0x4 /usr/lib/gcc/arm-none-eabi/12.1.0/../../../../arm-none-eabi/lib/thumb/v7e-m/nofp/libg_nano.a(lib_a-nano-mallocr.o)
                0x00000000200000e0                __malloc_free_list
 .bss.__malloc_sbrk_start
                0x00000000200000e4        0x4 /usr/lib/gcc/arm-none-eabi/12.1.0/../../../../arm-none-eabi/lib/thumb/v7e-m/nofp/libg_nano.a(lib_a-nano-mallocr.o)
                0x00000000200000e4                __malloc_sbrk_start
 .bss.errno     0x00000000200000e8        0x4 /usr/lib/gcc/arm-none-eabi/12.1.0/../../../../arm-none-eabi/lib/thumb/v7e-m/nofp/libg_nano.a(lib_a-reent.o)
                0x00000000200000e8                errno
 *(COMMON)
                0x00000000200000ec                . = ALIGN (0x4)
                0x00000000200000ec                _ebss = .
                0x00000000200000ec                __bss_end__ = _ebss

._user_heap_stack
                0x00000000200000ec      0x604 load address 0x000000000800255c
                0x00000000200000f0                . = ALIGN (0x8)
 *fill*         0x00000000200000ec        0x4 
                [!provide]                        PROVIDE (end = .)
                0x00000000200000f0                PROVIDE (_end = .)
                0x00000000200002f0                . = (. + _Min_Heap_Size)
 *fill*         0x00000000200000f0      0x200 
                0x00000000200006f0                . = (. + _Min_Stack_Size)
 *fill*         0x00000000200002f0      0x400 
                0x00000000200006f0                . = ALIGN (0x8)

/DISCARD/
 libc.a(*)
 libm.a(*)
 libgcc.a(*)

.ARM.attributes
                0x0000000000000000       0x2a
 *(.ARM.attributes)
 .ARM.attributes
                0x0000000000000000       0x1e /usr/lib/gcc/arm-none-eabi/12.1.0/thumb/v7e-m/nofp/crti.o
 .ARM.attributes
                0x000000000000001e       0x2e /usr/lib/gcc/arm-none-eabi/12.1.0/thumb/v7e-m/nofp/crtbegin.o
 .ARM.attributes
                0x000000000000004c       0x2e CMakeFiles/stm32_temp_sensor.elf.dir/Core/Src/main.c.obj
 .ARM.attributes
                0x000000000000007a       0x2e CMakeFiles/stm32_temp_sensor.elf.dir/Core/Src/stm32f4xx_hal_msp.c.obj
 .ARM.attributes
                0x00000000000000a8       0x2e CMakeFiles/stm32_temp_sensor.elf.dir/Core/Src/stm32f4xx_it.c.obj
 .ARM.attributes
                0x00000000000000d6       0x2e CMakeFiles/stm32_temp_sensor.elf.dir/Core/Src/syscalls.c.obj
 .ARM.attributes
                0x0000000000000104       0x2e CMakeFiles/stm32_temp_sensor.elf.dir/Core/Src/sysmem.c.obj
 .ARM.attributes
                0x0000000000000132       0x2e CMakeFiles/stm32_temp_sensor.elf.dir/Core/Src/system_stm32f4xx.c.obj
 .ARM.attributes
                0x0000000000000160       0x21 CMakeFiles/stm32_temp_sensor.elf.dir/Core/Startup/startup_stm32f401ccux.s.obj
 .ARM.attributes
                0x0000000000000181       0x2e CMakeFiles/stm32_temp_sensor.elf.dir/Drivers/STM32F4xx_HAL_Driver/Src/stm32f4xx_hal.c.obj
 .ARM.attributes
                0x00000000000001af       0x2e CMakeFiles/stm32_temp_sensor.elf.dir/Drivers/STM32F4xx_HAL_Driver/Src/stm32f4xx_hal_adc.c.obj
 .ARM.attributes
                0x00000000000001dd       0x2e CMakeFiles/stm32_temp_sensor.elf.dir/Drivers/STM32F4xx_HAL_Driver/Src/stm32f4xx_hal_cortex.c.obj
 .ARM.attributes
                0x000000000000020b       0x2e CMakeFiles/stm32_temp_sensor.elf.dir/Drivers/STM32F4xx_HAL_Driver/Src/stm32f4xx_hal_rcc.c.obj
 .ARM.attributes
                0x0000000000000239       0x1e /usr/lib/gcc/arm-none-eabi/12.1.0/thumb/v7e-m/nofp/libgcc.a(_aeabi_uldivmod.o)
 .ARM.attributes
                0x0000000000000257       0x2e /usr/lib/gcc/arm-none-eabi/12.1.0/thumb/v7e-m/nofp/libgcc.a(_udivmoddi4.o)
 .ARM.attributes
                0x0000000000000285       0x1e /usr/lib/gcc/arm-none-eabi/12.1.0/thumb/v7e-m/nofp/libgcc.a(_dvmd_tls.o)
 .ARM.attributes
                0x00000000000002a3       0x2e /usr/lib/gcc/arm-none-eabi/12.1.0/../../../../arm-none-eabi/lib/thumb/v7e-m/nofp/libg_nano.a(lib_a-errno.o)
 .ARM.attributes
                0x00000000000002d1       0x2e /usr/lib/gcc/arm-none-eabi/12.1.0/../../../../arm-none-eabi/lib/thumb/v7e-m/nofp/libg_nano.a(lib_a-impure.o)
 .ARM.attributes
                0x00000000000002ff       0x2e /usr/lib/gcc/arm-none-eabi/12.1.0/../../../../arm-none-eabi/lib/thumb/v7e-m/nofp/libg_nano.a(lib_a-init.o)
 .ARM.attributes
                0x000000000000032d       0x2e /usr/lib/gcc/arm-none-eabi/12.1.0/../../../../arm-none-eabi/lib/thumb/v7e-m/nofp/libg_nano.a(lib_a-memset.o)
 .ARM.attributes
                0x000000000000035b       0x2e /usr/lib/gcc/arm-none-eabi/12.1.0/../../../../arm-none-eabi/lib/thumb/v7e-m/nofp/libg_nano.a(lib_a-printf.o)
 .ARM.attributes
                0x0000000000000389       0x2e /usr/lib/gcc/arm-none-eabi/12.1.0/../../../../arm-none-eabi/lib/thumb/v7e-m/nofp/libg_nano.a(lib_a-findfp.o)
 .ARM.attributes
                0x00000000000003b7       0x2e /usr/lib/gcc/arm-none-eabi/12.1.0/../../../../arm-none-eabi/lib/thumb/v7e-m/nofp/libg_nano.a(lib_a-fwalk.o)
 .ARM.attributes
                0x00000000000003e5       0x2e /usr/lib/gcc/arm-none-eabi/12.1.0/../../../../arm-none-eabi/lib/thumb/v7e-m/nofp/libg_nano.a(lib_a-lock.o)
 .ARM.attributes
                0x0000000000000413       0x2e /usr/lib/gcc/arm-none-eabi/12.1.0/../../../../arm-none-eabi/lib/thumb/v7e-m/nofp/libg_nano.a(lib_a-nano-mallocr.o)
 .ARM.attributes
                0x0000000000000441       0x2e /usr/lib/gcc/arm-none-eabi/12.1.0/../../../../arm-none-eabi/lib/thumb/v7e-m/nofp/libg_nano.a(lib_a-nano-vfprintf.o)
 .ARM.attributes
                0x000000000000046f       0x2e /usr/lib/gcc/arm-none-eabi/12.1.0/../../../../arm-none-eabi/lib/thumb/v7e-m/nofp/libg_nano.a(lib_a-sbrkr.o)
 .ARM.attributes
                0x000000000000049d       0x2e /usr/lib/gcc/arm-none-eabi/12.1.0/../../../../arm-none-eabi/lib/thumb/v7e-m/nofp/libg_nano.a(lib_a-stdio.o)
 .ARM.attributes
                0x00000000000004cb       0x2e /usr/lib/gcc/arm-none-eabi/12.1.0/../../../../arm-none-eabi/lib/thumb/v7e-m/nofp/libg_nano.a(lib_a-wbuf.o)
 .ARM.attributes
                0x00000000000004f9       0x2e /usr/lib/gcc/arm-none-eabi/12.1.0/../../../../arm-none-eabi/lib/thumb/v7e-m/nofp/libg_nano.a(lib_a-writer.o)
 .ARM.attributes
                0x0000000000000527       0x2e /usr/lib/gcc/arm-none-eabi/12.1.0/../../../../arm-none-eabi/lib/thumb/v7e-m/nofp/libg_nano.a(lib_a-wsetup.o)
 .ARM.attributes
                0x0000000000000555       0x2e /usr/lib/gcc/arm-none-eabi/12.1.0/../../../../arm-none-eabi/lib/thumb/v7e-m/nofp/libg_nano.a(lib_a-closer.o)
 .ARM.attributes
                0x0000000000000583       0x2e /usr/lib/gcc/arm-none-eabi/12.1.0/../../../../arm-none-eabi/lib/thumb/v7e-m/nofp/libg_nano.a(lib_a-fflush.o)
 .ARM.attributes
                0x00000000000005b1       0x2e /usr/lib/gcc/arm-none-eabi/12.1.0/../../../../arm-none-eabi/lib/thumb/v7e-m/nofp/libg_nano.a(lib_a-lseekr.o)
 .ARM.attributes
                0x00000000000005df       0x2e /usr/lib/gcc/arm-none-eabi/12.1.0/../../../../arm-none-eabi/lib/thumb/v7e-m/nofp/libg_nano.a(lib_a-makebuf.o)
 .ARM.attributes
                0x000000000000060d       0x1c /usr/lib/gcc/arm-none-eabi/12.1.0/../../../../arm-none-eabi/lib/thumb/v7e-m/nofp/libg_nano.a(lib_a-memchr.o)
 .ARM.attributes
                0x0000000000000629       0x2e /usr/lib/gcc/arm-none-eabi/12.1.0/../../../../arm-none-eabi/lib/thumb/v7e-m/nofp/libg_nano.a(lib_a-mlock.o)
 .ARM.attributes
                0x0000000000000657       0x2e /usr/lib/gcc/arm-none-eabi/12.1.0/../../../../arm-none-eabi/lib/thumb/v7e-m/nofp/libg_nano.a(lib_a-nano-freer.o)
 .ARM.attributes
                0x0000000000000685       0x2e /usr/lib/gcc/arm-none-eabi/12.1.0/../../../../arm-none-eabi/lib/thumb/v7e-m/nofp/libg_nano.a(lib_a-nano-vfprintf_i.o)
 .ARM.attributes
                0x00000000000006b3       0x2e /usr/lib/gcc/arm-none-eabi/12.1.0/../../../../arm-none-eabi/lib/thumb/v7e-m/nofp/libg_nano.a(lib_a-readr.o)
 .ARM.attributes
                0x00000000000006e1       0x2e /usr/lib/gcc/arm-none-eabi/12.1.0/../../../../arm-none-eabi/lib/thumb/v7e-m/nofp/libg_nano.a(lib_a-reent.o)
 .ARM.attributes
                0x000000000000070f       0x2e /usr/lib/gcc/arm-none-eabi/12.1.0/../../../../arm-none-eabi/lib/thumb/v7e-m/nofp/libg_nano.a(lib_a-fstatr.o)
 .ARM.attributes
                0x000000000000073d       0x2e /usr/lib/gcc/arm-none-eabi/12.1.0/../../../../arm-none-eabi/lib/thumb/v7e-m/nofp/libg_nano.a(lib_a-isattyr.o)
 .ARM.attributes
                0x000000000000076b       0x1e /usr/lib/gcc/arm-none-eabi/12.1.0/thumb/v7e-m/nofp/crtn.o
OUTPUT(stm32_temp_sensor.elf elf32-littlearm)
LOAD linker stubs
LOAD /usr/lib/gcc/arm-none-eabi/12.1.0/../../../../arm-none-eabi/lib/thumb/v7e-m/nofp/libc.a
LOAD /usr/lib/gcc/arm-none-eabi/12.1.0/../../../../arm-none-eabi/lib/thumb/v7e-m/nofp/libm.a
LOAD /usr/lib/gcc/arm-none-eabi/12.1.0/thumb/v7e-m/nofp/libgcc.a

.debug_info     0x0000000000000000    0x14218
 .debug_info    0x0000000000000000      0xf8f CMakeFiles/stm32_temp_sensor.elf.dir/Core/Src/main.c.obj
 .debug_info    0x0000000000000f8f      0x7a8 CMakeFiles/stm32_temp_sensor.elf.dir/Core/Src/stm32f4xx_hal_msp.c.obj
 .debug_info    0x0000000000001737      0x131 CMakeFiles/stm32_temp_sensor.elf.dir/Core/Src/stm32f4xx_it.c.obj
 .debug_info    0x0000000000001868      0x783 CMakeFiles/stm32_temp_sensor.elf.dir/Core/Src/syscalls.c.obj
 .debug_info    0x0000000000001feb      0x171 CMakeFiles/stm32_temp_sensor.elf.dir/Core/Src/sysmem.c.obj
 .debug_info    0x000000000000215c      0x35c CMakeFiles/stm32_temp_sensor.elf.dir/Core/Src/system_stm32f4xx.c.obj
 .debug_info    0x00000000000024b8       0x23 CMakeFiles/stm32_temp_sensor.elf.dir/Core/Startup/startup_stm32f401ccux.s.obj
 .debug_info    0x00000000000024db      0x959 CMakeFiles/stm32_temp_sensor.elf.dir/Drivers/STM32F4xx_HAL_Driver/Src/stm32f4xx_hal.c.obj
 .debug_info    0x0000000000002e34      0xe73 CMakeFiles/stm32_temp_sensor.elf.dir/Drivers/STM32F4xx_HAL_Driver/Src/stm32f4xx_hal_adc.c.obj
 .debug_info    0x0000000000003ca7      0xee7 CMakeFiles/stm32_temp_sensor.elf.dir/Drivers/STM32F4xx_HAL_Driver/Src/stm32f4xx_hal_cortex.c.obj
 .debug_info    0x0000000000004b8e      0xab1 CMakeFiles/stm32_temp_sensor.elf.dir/Drivers/STM32F4xx_HAL_Driver/Src/stm32f4xx_hal_rcc.c.obj
 .debug_info    0x000000000000563f       0x24 /usr/lib/gcc/arm-none-eabi/12.1.0/thumb/v7e-m/nofp/libgcc.a(_aeabi_uldivmod.o)
 .debug_info    0x0000000000005663      0x6fd /usr/lib/gcc/arm-none-eabi/12.1.0/thumb/v7e-m/nofp/libgcc.a(_udivmoddi4.o)
 .debug_info    0x0000000000005d60       0x24 /usr/lib/gcc/arm-none-eabi/12.1.0/thumb/v7e-m/nofp/libgcc.a(_dvmd_tls.o)
 .debug_info    0x0000000000005d84      0x75b /usr/lib/gcc/arm-none-eabi/12.1.0/../../../../arm-none-eabi/lib/thumb/v7e-m/nofp/libg_nano.a(lib_a-errno.o)
 .debug_info    0x00000000000064df      0x806 /usr/lib/gcc/arm-none-eabi/12.1.0/../../../../arm-none-eabi/lib/thumb/v7e-m/nofp/libg_nano.a(lib_a-impure.o)
 .debug_info    0x0000000000006ce5      0x10b /usr/lib/gcc/arm-none-eabi/12.1.0/../../../../arm-none-eabi/lib/thumb/v7e-m/nofp/libg_nano.a(lib_a-init.o)
 .debug_info    0x0000000000006df0       0xe0 /usr/lib/gcc/arm-none-eabi/12.1.0/../../../../arm-none-eabi/lib/thumb/v7e-m/nofp/libg_nano.a(lib_a-memset.o)
 .debug_info    0x0000000000006ed0      0x8da /usr/lib/gcc/arm-none-eabi/12.1.0/../../../../arm-none-eabi/lib/thumb/v7e-m/nofp/libg_nano.a(lib_a-printf.o)
 .debug_info    0x00000000000077aa      0xff1 /usr/lib/gcc/arm-none-eabi/12.1.0/../../../../arm-none-eabi/lib/thumb/v7e-m/nofp/libg_nano.a(lib_a-findfp.o)
 .debug_info    0x000000000000879b      0x899 /usr/lib/gcc/arm-none-eabi/12.1.0/../../../../arm-none-eabi/lib/thumb/v7e-m/nofp/libg_nano.a(lib_a-fwalk.o)
 .debug_info    0x0000000000009034      0x21a /usr/lib/gcc/arm-none-eabi/12.1.0/../../../../arm-none-eabi/lib/thumb/v7e-m/nofp/libg_nano.a(lib_a-lock.o)
 .debug_info    0x000000000000924e      0xa1c /usr/lib/gcc/arm-none-eabi/12.1.0/../../../../arm-none-eabi/lib/thumb/v7e-m/nofp/libg_nano.a(lib_a-nano-mallocr.o)
 .debug_info    0x0000000000009c6a     0x1176 /usr/lib/gcc/arm-none-eabi/12.1.0/../../../../arm-none-eabi/lib/thumb/v7e-m/nofp/libg_nano.a(lib_a-nano-vfprintf.o)
 .debug_info    0x000000000000ade0      0x7dc /usr/lib/gcc/arm-none-eabi/12.1.0/../../../../arm-none-eabi/lib/thumb/v7e-m/nofp/libg_nano.a(lib_a-sbrkr.o)
 .debug_info    0x000000000000b5bc      0xab4 /usr/lib/gcc/arm-none-eabi/12.1.0/../../../../arm-none-eabi/lib/thumb/v7e-m/nofp/libg_nano.a(lib_a-stdio.o)
 .debug_info    0x000000000000c070      0x95d /usr/lib/gcc/arm-none-eabi/12.1.0/../../../../arm-none-eabi/lib/thumb/v7e-m/nofp/libg_nano.a(lib_a-wbuf.o)
 .debug_info    0x000000000000c9cd      0x813 /usr/lib/gcc/arm-none-eabi/12.1.0/../../../../arm-none-eabi/lib/thumb/v7e-m/nofp/libg_nano.a(lib_a-writer.o)
 .debug_info    0x000000000000d1e0      0x8b9 /usr/lib/gcc/arm-none-eabi/12.1.0/../../../../arm-none-eabi/lib/thumb/v7e-m/nofp/libg_nano.a(lib_a-wsetup.o)
 .debug_info    0x000000000000da99      0x7b7 /usr/lib/gcc/arm-none-eabi/12.1.0/../../../../arm-none-eabi/lib/thumb/v7e-m/nofp/libg_nano.a(lib_a-closer.o)
 .debug_info    0x000000000000e250      0xa9b /usr/lib/gcc/arm-none-eabi/12.1.0/../../../../arm-none-eabi/lib/thumb/v7e-m/nofp/libg_nano.a(lib_a-fflush.o)
 .debug_info    0x000000000000eceb      0x7f6 /usr/lib/gcc/arm-none-eabi/12.1.0/../../../../arm-none-eabi/lib/thumb/v7e-m/nofp/libg_nano.a(lib_a-lseekr.o)
 .debug_info    0x000000000000f4e1      0xb8b /usr/lib/gcc/arm-none-eabi/12.1.0/../../../../arm-none-eabi/lib/thumb/v7e-m/nofp/libg_nano.a(lib_a-makebuf.o)
 .debug_info    0x000000000001006c       0x25 /usr/lib/gcc/arm-none-eabi/12.1.0/../../../../arm-none-eabi/lib/thumb/v7e-m/nofp/libg_nano.a(lib_a-memchr.o)
 .debug_info    0x0000000000010091      0x7cb /usr/lib/gcc/arm-none-eabi/12.1.0/../../../../arm-none-eabi/lib/thumb/v7e-m/nofp/libg_nano.a(lib_a-mlock.o)
 .debug_info    0x000000000001085c      0x8ab /usr/lib/gcc/arm-none-eabi/12.1.0/../../../../arm-none-eabi/lib/thumb/v7e-m/nofp/libg_nano.a(lib_a-nano-freer.o)
 .debug_info    0x0000000000011107      0xe42 /usr/lib/gcc/arm-none-eabi/12.1.0/../../../../arm-none-eabi/lib/thumb/v7e-m/nofp/libg_nano.a(lib_a-nano-vfprintf_i.o)
 .debug_info    0x0000000000011f49      0x80d /usr/lib/gcc/arm-none-eabi/12.1.0/../../../../arm-none-eabi/lib/thumb/v7e-m/nofp/libg_nano.a(lib_a-readr.o)
 .debug_info    0x0000000000012756      0x936 /usr/lib/gcc/arm-none-eabi/12.1.0/../../../../arm-none-eabi/lib/thumb/v7e-m/nofp/libg_nano.a(lib_a-reent.o)
 .debug_info    0x000000000001308c      0x9d5 /usr/lib/gcc/arm-none-eabi/12.1.0/../../../../arm-none-eabi/lib/thumb/v7e-m/nofp/libg_nano.a(lib_a-fstatr.o)
 .debug_info    0x0000000000013a61      0x7b7 /usr/lib/gcc/arm-none-eabi/12.1.0/../../../../arm-none-eabi/lib/thumb/v7e-m/nofp/libg_nano.a(lib_a-isattyr.o)

.debug_abbrev   0x0000000000000000     0x4851
 .debug_abbrev  0x0000000000000000      0x348 CMakeFiles/stm32_temp_sensor.elf.dir/Core/Src/main.c.obj
 .debug_abbrev  0x0000000000000348      0x189 CMakeFiles/stm32_temp_sensor.elf.dir/Core/Src/stm32f4xx_hal_msp.c.obj
 .debug_abbrev  0x00000000000004d1       0xa8 CMakeFiles/stm32_temp_sensor.elf.dir/Core/Src/stm32f4xx_it.c.obj
 .debug_abbrev  0x0000000000000579      0x1c1 CMakeFiles/stm32_temp_sensor.elf.dir/Core/Src/syscalls.c.obj
 .debug_abbrev  0x000000000000073a       0xea CMakeFiles/stm32_temp_sensor.elf.dir/Core/Src/sysmem.c.obj
 .debug_abbrev  0x0000000000000824      0x120 CMakeFiles/stm32_temp_sensor.elf.dir/Core/Src/system_stm32f4xx.c.obj
 .debug_abbrev  0x0000000000000944       0x12 CMakeFiles/stm32_temp_sensor.elf.dir/Core/Startup/startup_stm32f401ccux.s.obj
 .debug_abbrev  0x0000000000000956      0x277 CMakeFiles/stm32_temp_sensor.elf.dir/Drivers/STM32F4xx_HAL_Driver/Src/stm32f4xx_hal.c.obj
 .debug_abbrev  0x0000000000000bcd      0x234 CMakeFiles/stm32_temp_sensor.elf.dir/Drivers/STM32F4xx_HAL_Driver/Src/stm32f4xx_hal_adc.c.obj
 .debug_abbrev  0x0000000000000e01      0x39b CMakeFiles/stm32_temp_sensor.elf.dir/Drivers/STM32F4xx_HAL_Driver/Src/stm32f4xx_hal_cortex.c.obj
 .debug_abbrev  0x000000000000119c      0x2c5 CMakeFiles/stm32_temp_sensor.elf.dir/Drivers/STM32F4xx_HAL_Driver/Src/stm32f4xx_hal_rcc.c.obj
 .debug_abbrev  0x0000000000001461       0x14 /usr/lib/gcc/arm-none-eabi/12.1.0/thumb/v7e-m/nofp/libgcc.a(_aeabi_uldivmod.o)
 .debug_abbrev  0x0000000000001475      0x16a /usr/lib/gcc/arm-none-eabi/12.1.0/thumb/v7e-m/nofp/libgcc.a(_udivmoddi4.o)
 .debug_abbrev  0x00000000000015df       0x14 /usr/lib/gcc/arm-none-eabi/12.1.0/thumb/v7e-m/nofp/libgcc.a(_dvmd_tls.o)
 .debug_abbrev  0x00000000000015f3      0x15e /usr/lib/gcc/arm-none-eabi/12.1.0/../../../../arm-none-eabi/lib/thumb/v7e-m/nofp/libg_nano.a(lib_a-errno.o)
 .debug_abbrev  0x0000000000001751      0x15a /usr/lib/gcc/arm-none-eabi/12.1.0/../../../../arm-none-eabi/lib/thumb/v7e-m/nofp/libg_nano.a(lib_a-impure.o)
 .debug_abbrev  0x00000000000018ab       0xc9 /usr/lib/gcc/arm-none-eabi/12.1.0/../../../../arm-none-eabi/lib/thumb/v7e-m/nofp/libg_nano.a(lib_a-init.o)
 .debug_abbrev  0x0000000000001974       0x9e /usr/lib/gcc/arm-none-eabi/12.1.0/../../../../arm-none-eabi/lib/thumb/v7e-m/nofp/libg_nano.a(lib_a-memset.o)
 .debug_abbrev  0x0000000000001a12      0x23a /usr/lib/gcc/arm-none-eabi/12.1.0/../../../../arm-none-eabi/lib/thumb/v7e-m/nofp/libg_nano.a(lib_a-printf.o)
 .debug_abbrev  0x0000000000001c4c      0x398 /usr/lib/gcc/arm-none-eabi/12.1.0/../../../../arm-none-eabi/lib/thumb/v7e-m/nofp/libg_nano.a(lib_a-findfp.o)
 .debug_abbrev  0x0000000000001fe4      0x19f /usr/lib/gcc/arm-none-eabi/12.1.0/../../../../arm-none-eabi/lib/thumb/v7e-m/nofp/libg_nano.a(lib_a-fwalk.o)
 .debug_abbrev  0x0000000000002183      0x115 /usr/lib/gcc/arm-none-eabi/12.1.0/../../../../arm-none-eabi/lib/thumb/v7e-m/nofp/libg_nano.a(lib_a-lock.o)
 .debug_abbrev  0x0000000000002298      0x24a /usr/lib/gcc/arm-none-eabi/12.1.0/../../../../arm-none-eabi/lib/thumb/v7e-m/nofp/libg_nano.a(lib_a-nano-mallocr.o)
 .debug_abbrev  0x00000000000024e2      0x317 /usr/lib/gcc/arm-none-eabi/12.1.0/../../../../arm-none-eabi/lib/thumb/v7e-m/nofp/libg_nano.a(lib_a-nano-vfprintf.o)
 .debug_abbrev  0x00000000000027f9      0x1da /usr/lib/gcc/arm-none-eabi/12.1.0/../../../../arm-none-eabi/lib/thumb/v7e-m/nofp/libg_nano.a(lib_a-sbrkr.o)
 .debug_abbrev  0x00000000000029d3      0x221 /usr/lib/gcc/arm-none-eabi/12.1.0/../../../../arm-none-eabi/lib/thumb/v7e-m/nofp/libg_nano.a(lib_a-stdio.o)
 .debug_abbrev  0x0000000000002bf4      0x22e /usr/lib/gcc/arm-none-eabi/12.1.0/../../../../arm-none-eabi/lib/thumb/v7e-m/nofp/libg_nano.a(lib_a-wbuf.o)
 .debug_abbrev  0x0000000000002e22      0x1b5 /usr/lib/gcc/arm-none-eabi/12.1.0/../../../../arm-none-eabi/lib/thumb/v7e-m/nofp/libg_nano.a(lib_a-writer.o)
 .debug_abbrev  0x0000000000002fd7      0x1d9 /usr/lib/gcc/arm-none-eabi/12.1.0/../../../../arm-none-eabi/lib/thumb/v7e-m/nofp/libg_nano.a(lib_a-wsetup.o)
 .debug_abbrev  0x00000000000031b0      0x1b0 /usr/lib/gcc/arm-none-eabi/12.1.0/../../../../arm-none-eabi/lib/thumb/v7e-m/nofp/libg_nano.a(lib_a-closer.o)
 .debug_abbrev  0x0000000000003360      0x29d /usr/lib/gcc/arm-none-eabi/12.1.0/../../../../arm-none-eabi/lib/thumb/v7e-m/nofp/libg_nano.a(lib_a-fflush.o)
 .debug_abbrev  0x00000000000035fd      0x1c4 /usr/lib/gcc/arm-none-eabi/12.1.0/../../../../arm-none-eabi/lib/thumb/v7e-m/nofp/libg_nano.a(lib_a-lseekr.o)
 .debug_abbrev  0x00000000000037c1      0x2a3 /usr/lib/gcc/arm-none-eabi/12.1.0/../../../../arm-none-eabi/lib/thumb/v7e-m/nofp/libg_nano.a(lib_a-makebuf.o)
 .debug_abbrev  0x0000000000003a64       0x14 /usr/lib/gcc/arm-none-eabi/12.1.0/../../../../arm-none-eabi/lib/thumb/v7e-m/nofp/libg_nano.a(lib_a-memchr.o)
 .debug_abbrev  0x0000000000003a78      0x1bf /usr/lib/gcc/arm-none-eabi/12.1.0/../../../../arm-none-eabi/lib/thumb/v7e-m/nofp/libg_nano.a(lib_a-mlock.o)
 .debug_abbrev  0x0000000000003c37      0x236 /usr/lib/gcc/arm-none-eabi/12.1.0/../../../../arm-none-eabi/lib/thumb/v7e-m/nofp/libg_nano.a(lib_a-nano-freer.o)
 .debug_abbrev  0x0000000000003e6d      0x28e /usr/lib/gcc/arm-none-eabi/12.1.0/../../../../arm-none-eabi/lib/thumb/v7e-m/nofp/libg_nano.a(lib_a-nano-vfprintf_i.o)
 .debug_abbrev  0x00000000000040fb      0x1b0 /usr/lib/gcc/arm-none-eabi/12.1.0/../../../../arm-none-eabi/lib/thumb/v7e-m/nofp/libg_nano.a(lib_a-readr.o)
 .debug_abbrev  0x00000000000042ab      0x233 /usr/lib/gcc/arm-none-eabi/12.1.0/../../../../arm-none-eabi/lib/thumb/v7e-m/nofp/libg_nano.a(lib_a-reent.o)
 .debug_abbrev  0x00000000000044de      0x1c3 /usr/lib/gcc/arm-none-eabi/12.1.0/../../../../arm-none-eabi/lib/thumb/v7e-m/nofp/libg_nano.a(lib_a-fstatr.o)
 .debug_abbrev  0x00000000000046a1      0x1b0 /usr/lib/gcc/arm-none-eabi/12.1.0/../../../../arm-none-eabi/lib/thumb/v7e-m/nofp/libg_nano.a(lib_a-isattyr.o)

.debug_loclists
                0x0000000000000000     0x347d
 .debug_loclists
                0x0000000000000000       0x84 CMakeFiles/stm32_temp_sensor.elf.dir/Core/Src/main.c.obj
 .debug_loclists
                0x0000000000000084      0x25b CMakeFiles/stm32_temp_sensor.elf.dir/Core/Src/syscalls.c.obj
 .debug_loclists
                0x00000000000002df       0x46 CMakeFiles/stm32_temp_sensor.elf.dir/Core/Src/sysmem.c.obj
 .debug_loclists
                0x0000000000000325       0xdb CMakeFiles/stm32_temp_sensor.elf.dir/Core/Src/system_stm32f4xx.c.obj
 .debug_loclists
                0x0000000000000400       0xc9 CMakeFiles/stm32_temp_sensor.elf.dir/Drivers/STM32F4xx_HAL_Driver/Src/stm32f4xx_hal.c.obj
 .debug_loclists
                0x00000000000004c9      0x7a7 CMakeFiles/stm32_temp_sensor.elf.dir/Drivers/STM32F4xx_HAL_Driver/Src/stm32f4xx_hal_adc.c.obj
 .debug_loclists
                0x0000000000000c70      0x439 CMakeFiles/stm32_temp_sensor.elf.dir/Drivers/STM32F4xx_HAL_Driver/Src/stm32f4xx_hal_cortex.c.obj
 .debug_loclists
                0x00000000000010a9      0x3a9 CMakeFiles/stm32_temp_sensor.elf.dir/Drivers/STM32F4xx_HAL_Driver/Src/stm32f4xx_hal_rcc.c.obj
 .debug_loclists
                0x0000000000001452      0x768 /usr/lib/gcc/arm-none-eabi/12.1.0/thumb/v7e-m/nofp/libgcc.a(_udivmoddi4.o)
 .debug_loclists
                0x0000000000001bba       0x44 /usr/lib/gcc/arm-none-eabi/12.1.0/../../../../arm-none-eabi/lib/thumb/v7e-m/nofp/libg_nano.a(lib_a-init.o)
 .debug_loclists
                0x0000000000001bfe       0x47 /usr/lib/gcc/arm-none-eabi/12.1.0/../../../../arm-none-eabi/lib/thumb/v7e-m/nofp/libg_nano.a(lib_a-memset.o)
 .debug_loclists
                0x0000000000001c45       0x4b /usr/lib/gcc/arm-none-eabi/12.1.0/../../../../arm-none-eabi/lib/thumb/v7e-m/nofp/libg_nano.a(lib_a-printf.o)
 .debug_loclists
                0x0000000000001c90      0x1b9 /usr/lib/gcc/arm-none-eabi/12.1.0/../../../../arm-none-eabi/lib/thumb/v7e-m/nofp/libg_nano.a(lib_a-findfp.o)
 .debug_loclists
                0x0000000000001e49       0xef /usr/lib/gcc/arm-none-eabi/12.1.0/../../../../arm-none-eabi/lib/thumb/v7e-m/nofp/libg_nano.a(lib_a-fwalk.o)
 .debug_loclists
                0x0000000000001f38       0x23 /usr/lib/gcc/arm-none-eabi/12.1.0/../../../../arm-none-eabi/lib/thumb/v7e-m/nofp/libg_nano.a(lib_a-lock.o)
 .debug_loclists
                0x0000000000001f5b      0x254 /usr/lib/gcc/arm-none-eabi/12.1.0/../../../../arm-none-eabi/lib/thumb/v7e-m/nofp/libg_nano.a(lib_a-nano-mallocr.o)
 .debug_loclists
                0x00000000000021af      0x3fc /usr/lib/gcc/arm-none-eabi/12.1.0/../../../../arm-none-eabi/lib/thumb/v7e-m/nofp/libg_nano.a(lib_a-nano-vfprintf.o)
 .debug_loclists
                0x00000000000025ab       0x4c /usr/lib/gcc/arm-none-eabi/12.1.0/../../../../arm-none-eabi/lib/thumb/v7e-m/nofp/libg_nano.a(lib_a-sbrkr.o)
 .debug_loclists
                0x00000000000025f7      0x203 /usr/lib/gcc/arm-none-eabi/12.1.0/../../../../arm-none-eabi/lib/thumb/v7e-m/nofp/libg_nano.a(lib_a-stdio.o)
 .debug_loclists
                0x00000000000027fa       0xdf /usr/lib/gcc/arm-none-eabi/12.1.0/../../../../arm-none-eabi/lib/thumb/v7e-m/nofp/libg_nano.a(lib_a-wbuf.o)
 .debug_loclists
                0x00000000000028d9       0x88 /usr/lib/gcc/arm-none-eabi/12.1.0/../../../../arm-none-eabi/lib/thumb/v7e-m/nofp/libg_nano.a(lib_a-writer.o)
 .debug_loclists
                0x0000000000002961       0x4a /usr/lib/gcc/arm-none-eabi/12.1.0/../../../../arm-none-eabi/lib/thumb/v7e-m/nofp/libg_nano.a(lib_a-wsetup.o)
 .debug_loclists
                0x00000000000029ab       0x4c /usr/lib/gcc/arm-none-eabi/12.1.0/../../../../arm-none-eabi/lib/thumb/v7e-m/nofp/libg_nano.a(lib_a-closer.o)
 .debug_loclists
                0x00000000000029f7      0x1c8 /usr/lib/gcc/arm-none-eabi/12.1.0/../../../../arm-none-eabi/lib/thumb/v7e-m/nofp/libg_nano.a(lib_a-fflush.o)
 .debug_loclists
                0x0000000000002bbf       0x88 /usr/lib/gcc/arm-none-eabi/12.1.0/../../../../arm-none-eabi/lib/thumb/v7e-m/nofp/libg_nano.a(lib_a-lseekr.o)
 .debug_loclists
                0x0000000000002c47      0x11f /usr/lib/gcc/arm-none-eabi/12.1.0/../../../../arm-none-eabi/lib/thumb/v7e-m/nofp/libg_nano.a(lib_a-makebuf.o)
 .debug_loclists
                0x0000000000002d66       0x3a /usr/lib/gcc/arm-none-eabi/12.1.0/../../../../arm-none-eabi/lib/thumb/v7e-m/nofp/libg_nano.a(lib_a-mlock.o)
 .debug_loclists
                0x0000000000002da0       0xd4 /usr/lib/gcc/arm-none-eabi/12.1.0/../../../../arm-none-eabi/lib/thumb/v7e-m/nofp/libg_nano.a(lib_a-nano-freer.o)
 .debug_loclists
                0x0000000000002e74      0x3fe /usr/lib/gcc/arm-none-eabi/12.1.0/../../../../arm-none-eabi/lib/thumb/v7e-m/nofp/libg_nano.a(lib_a-nano-vfprintf_i.o)
 .debug_loclists
                0x0000000000003272       0x88 /usr/lib/gcc/arm-none-eabi/12.1.0/../../../../arm-none-eabi/lib/thumb/v7e-m/nofp/libg_nano.a(lib_a-readr.o)
 .debug_loclists
                0x00000000000032fa       0xcd /usr/lib/gcc/arm-none-eabi/12.1.0/../../../../arm-none-eabi/lib/thumb/v7e-m/nofp/libg_nano.a(lib_a-reent.o)
 .debug_loclists
                0x00000000000033c7       0x6a /usr/lib/gcc/arm-none-eabi/12.1.0/../../../../arm-none-eabi/lib/thumb/v7e-m/nofp/libg_nano.a(lib_a-fstatr.o)
 .debug_loclists
                0x0000000000003431       0x4c /usr/lib/gcc/arm-none-eabi/12.1.0/../../../../arm-none-eabi/lib/thumb/v7e-m/nofp/libg_nano.a(lib_a-isattyr.o)

.debug_aranges  0x0000000000000000      0x9e8
 .debug_aranges
                0x0000000000000000       0x50 CMakeFiles/stm32_temp_sensor.elf.dir/Core/Src/main.c.obj
 .debug_aranges
                0x0000000000000050       0x30 CMakeFiles/stm32_temp_sensor.elf.dir/Core/Src/stm32f4xx_hal_msp.c.obj
 .debug_aranges
                0x0000000000000080       0x60 CMakeFiles/stm32_temp_sensor.elf.dir/Core/Src/stm32f4xx_it.c.obj
 .debug_aranges
                0x00000000000000e0       0xa8 CMakeFiles/stm32_temp_sensor.elf.dir/Core/Src/syscalls.c.obj
 .debug_aranges
                0x0000000000000188       0x20 CMakeFiles/stm32_temp_sensor.elf.dir/Core/Src/sysmem.c.obj
 .debug_aranges
                0x00000000000001a8       0x28 CMakeFiles/stm32_temp_sensor.elf.dir/Core/Src/system_stm32f4xx.c.obj
 .debug_aranges
                0x00000000000001d0       0x28 CMakeFiles/stm32_temp_sensor.elf.dir/Core/Startup/startup_stm32f401ccux.s.obj
 .debug_aranges
                0x00000000000001f8       0xf0 CMakeFiles/stm32_temp_sensor.elf.dir/Drivers/STM32F4xx_HAL_Driver/Src/stm32f4xx_hal.c.obj
 .debug_aranges
                0x00000000000002e8       0xe8 CMakeFiles/stm32_temp_sensor.elf.dir/Drivers/STM32F4xx_HAL_Driver/Src/stm32f4xx_hal_adc.c.obj
 .debug_aranges
                0x00000000000003d0       0xd8 CMakeFiles/stm32_temp_sensor.elf.dir/Drivers/STM32F4xx_HAL_Driver/Src/stm32f4xx_hal_cortex.c.obj
 .debug_aranges
                0x00000000000004a8       0x88 CMakeFiles/stm32_temp_sensor.elf.dir/Drivers/STM32F4xx_HAL_Driver/Src/stm32f4xx_hal_rcc.c.obj
 .debug_aranges
                0x0000000000000530       0x20 /usr/lib/gcc/arm-none-eabi/12.1.0/thumb/v7e-m/nofp/libgcc.a(_aeabi_uldivmod.o)
 .debug_aranges
                0x0000000000000550       0x20 /usr/lib/gcc/arm-none-eabi/12.1.0/thumb/v7e-m/nofp/libgcc.a(_udivmoddi4.o)
 .debug_aranges
                0x0000000000000570       0x20 /usr/lib/gcc/arm-none-eabi/12.1.0/thumb/v7e-m/nofp/libgcc.a(_dvmd_tls.o)
 .debug_aranges
                0x0000000000000590       0x20 /usr/lib/gcc/arm-none-eabi/12.1.0/../../../../arm-none-eabi/lib/thumb/v7e-m/nofp/libg_nano.a(lib_a-errno.o)
 .debug_aranges
                0x00000000000005b0       0x18 /usr/lib/gcc/arm-none-eabi/12.1.0/../../../../arm-none-eabi/lib/thumb/v7e-m/nofp/libg_nano.a(lib_a-impure.o)
 .debug_aranges
                0x00000000000005c8       0x20 /usr/lib/gcc/arm-none-eabi/12.1.0/../../../../arm-none-eabi/lib/thumb/v7e-m/nofp/libg_nano.a(lib_a-init.o)
 .debug_aranges
                0x00000000000005e8       0x20 /usr/lib/gcc/arm-none-eabi/12.1.0/../../../../arm-none-eabi/lib/thumb/v7e-m/nofp/libg_nano.a(lib_a-memset.o)
 .debug_aranges
                0x0000000000000608       0x28 /usr/lib/gcc/arm-none-eabi/12.1.0/../../../../arm-none-eabi/lib/thumb/v7e-m/nofp/libg_nano.a(lib_a-printf.o)
 .debug_aranges
                0x0000000000000630       0x88 /usr/lib/gcc/arm-none-eabi/12.1.0/../../../../arm-none-eabi/lib/thumb/v7e-m/nofp/libg_nano.a(lib_a-findfp.o)
 .debug_aranges
                0x00000000000006b8       0x28 /usr/lib/gcc/arm-none-eabi/12.1.0/../../../../arm-none-eabi/lib/thumb/v7e-m/nofp/libg_nano.a(lib_a-fwalk.o)
 .debug_aranges
                0x00000000000006e0       0x28 /usr/lib/gcc/arm-none-eabi/12.1.0/../../../../arm-none-eabi/lib/thumb/v7e-m/nofp/libg_nano.a(lib_a-lock.o)
 .debug_aranges
                0x0000000000000708       0x28 /usr/lib/gcc/arm-none-eabi/12.1.0/../../../../arm-none-eabi/lib/thumb/v7e-m/nofp/libg_nano.a(lib_a-nano-mallocr.o)
 .debug_aranges
                0x0000000000000730       0x40 /usr/lib/gcc/arm-none-eabi/12.1.0/../../../../arm-none-eabi/lib/thumb/v7e-m/nofp/libg_nano.a(lib_a-nano-vfprintf.o)
 .debug_aranges
                0x0000000000000770       0x20 /usr/lib/gcc/arm-none-eabi/12.1.0/../../../../arm-none-eabi/lib/thumb/v7e-m/nofp/libg_nano.a(lib_a-sbrkr.o)
 .debug_aranges
                0x0000000000000790       0x40 /usr/lib/gcc/arm-none-eabi/12.1.0/../../../../arm-none-eabi/lib/thumb/v7e-m/nofp/libg_nano.a(lib_a-stdio.o)
 .debug_aranges
                0x00000000000007d0       0x28 /usr/lib/gcc/arm-none-eabi/12.1.0/../../../../arm-none-eabi/lib/thumb/v7e-m/nofp/libg_nano.a(lib_a-wbuf.o)
 .debug_aranges
                0x00000000000007f8       0x20 /usr/lib/gcc/arm-none-eabi/12.1.0/../../../../arm-none-eabi/lib/thumb/v7e-m/nofp/libg_nano.a(lib_a-writer.o)
 .debug_aranges
                0x0000000000000818       0x20 /usr/lib/gcc/arm-none-eabi/12.1.0/../../../../arm-none-eabi/lib/thumb/v7e-m/nofp/libg_nano.a(lib_a-wsetup.o)
 .debug_aranges
                0x0000000000000838       0x20 /usr/lib/gcc/arm-none-eabi/12.1.0/../../../../arm-none-eabi/lib/thumb/v7e-m/nofp/libg_nano.a(lib_a-closer.o)
 .debug_aranges
                0x0000000000000858       0x30 /usr/lib/gcc/arm-none-eabi/12.1.0/../../../../arm-none-eabi/lib/thumb/v7e-m/nofp/libg_nano.a(lib_a-fflush.o)
 .debug_aranges
                0x0000000000000888       0x20 /usr/lib/gcc/arm-none-eabi/12.1.0/../../../../arm-none-eabi/lib/thumb/v7e-m/nofp/libg_nano.a(lib_a-lseekr.o)
 .debug_aranges
                0x00000000000008a8       0x28 /usr/lib/gcc/arm-none-eabi/12.1.0/../../../../arm-none-eabi/lib/thumb/v7e-m/nofp/libg_nano.a(lib_a-makebuf.o)
 .debug_aranges
                0x00000000000008d0       0x20 /usr/lib/gcc/arm-none-eabi/12.1.0/../../../../arm-none-eabi/lib/thumb/v7e-m/nofp/libg_nano.a(lib_a-memchr.o)
 .debug_aranges
                0x00000000000008f0       0x28 /usr/lib/gcc/arm-none-eabi/12.1.0/../../../../arm-none-eabi/lib/thumb/v7e-m/nofp/libg_nano.a(lib_a-mlock.o)
 .debug_aranges
                0x0000000000000918       0x20 /usr/lib/gcc/arm-none-eabi/12.1.0/../../../../arm-none-eabi/lib/thumb/v7e-m/nofp/libg_nano.a(lib_a-nano-freer.o)
 .debug_aranges
                0x0000000000000938       0x28 /usr/lib/gcc/arm-none-eabi/12.1.0/../../../../arm-none-eabi/lib/thumb/v7e-m/nofp/libg_nano.a(lib_a-nano-vfprintf_i.o)
 .debug_aranges
                0x0000000000000960       0x20 /usr/lib/gcc/arm-none-eabi/12.1.0/../../../../arm-none-eabi/lib/thumb/v7e-m/nofp/libg_nano.a(lib_a-readr.o)
 .debug_aranges
                0x0000000000000980       0x28 /usr/lib/gcc/arm-none-eabi/12.1.0/../../../../arm-none-eabi/lib/thumb/v7e-m/nofp/libg_nano.a(lib_a-reent.o)
 .debug_aranges
                0x00000000000009a8       0x20 /usr/lib/gcc/arm-none-eabi/12.1.0/../../../../arm-none-eabi/lib/thumb/v7e-m/nofp/libg_nano.a(lib_a-fstatr.o)
 .debug_aranges
                0x00000000000009c8       0x20 /usr/lib/gcc/arm-none-eabi/12.1.0/../../../../arm-none-eabi/lib/thumb/v7e-m/nofp/libg_nano.a(lib_a-isattyr.o)

.debug_rnglists
                0x0000000000000000      0x7a0
 .debug_rnglists
                0x0000000000000000       0x38 CMakeFiles/stm32_temp_sensor.elf.dir/Core/Src/main.c.obj
 .debug_rnglists
                0x0000000000000038       0x1f CMakeFiles/stm32_temp_sensor.elf.dir/Core/Src/stm32f4xx_hal_msp.c.obj
 .debug_rnglists
                0x0000000000000057       0x43 CMakeFiles/stm32_temp_sensor.elf.dir/Core/Src/stm32f4xx_it.c.obj
 .debug_rnglists
                0x000000000000009a       0x79 CMakeFiles/stm32_temp_sensor.elf.dir/Core/Src/syscalls.c.obj
 .debug_rnglists
                0x0000000000000113       0x13 CMakeFiles/stm32_temp_sensor.elf.dir/Core/Src/sysmem.c.obj
 .debug_rnglists
                0x0000000000000126       0x1a CMakeFiles/stm32_temp_sensor.elf.dir/Core/Src/system_stm32f4xx.c.obj
 .debug_rnglists
                0x0000000000000140       0x19 CMakeFiles/stm32_temp_sensor.elf.dir/Core/Startup/startup_stm32f401ccux.s.obj
 .debug_rnglists
                0x0000000000000159       0xaf CMakeFiles/stm32_temp_sensor.elf.dir/Drivers/STM32F4xx_HAL_Driver/Src/stm32f4xx_hal.c.obj
 .debug_rnglists
                0x0000000000000208       0xb0 CMakeFiles/stm32_temp_sensor.elf.dir/Drivers/STM32F4xx_HAL_Driver/Src/stm32f4xx_hal_adc.c.obj
 .debug_rnglists
                0x00000000000002b8       0x9d CMakeFiles/stm32_temp_sensor.elf.dir/Drivers/STM32F4xx_HAL_Driver/Src/stm32f4xx_hal_cortex.c.obj
 .debug_rnglists
                0x0000000000000355       0x75 CMakeFiles/stm32_temp_sensor.elf.dir/Drivers/STM32F4xx_HAL_Driver/Src/stm32f4xx_hal_rcc.c.obj
 .debug_rnglists
                0x00000000000003ca       0x6d /usr/lib/gcc/arm-none-eabi/12.1.0/thumb/v7e-m/nofp/libgcc.a(_udivmoddi4.o)
 .debug_rnglists
                0x0000000000000437       0x13 /usr/lib/gcc/arm-none-eabi/12.1.0/../../../../arm-none-eabi/lib/thumb/v7e-m/nofp/libg_nano.a(lib_a-errno.o)
 .debug_rnglists
                0x000000000000044a       0x13 /usr/lib/gcc/arm-none-eabi/12.1.0/../../../../arm-none-eabi/lib/thumb/v7e-m/nofp/libg_nano.a(lib_a-init.o)
 .debug_rnglists
                0x000000000000045d       0x13 /usr/lib/gcc/arm-none-eabi/12.1.0/../../../../arm-none-eabi/lib/thumb/v7e-m/nofp/libg_nano.a(lib_a-memset.o)
 .debug_rnglists
                0x0000000000000470       0x19 /usr/lib/gcc/arm-none-eabi/12.1.0/../../../../arm-none-eabi/lib/thumb/v7e-m/nofp/libg_nano.a(lib_a-printf.o)
 .debug_rnglists
                0x0000000000000489       0x6e /usr/lib/gcc/arm-none-eabi/12.1.0/../../../../arm-none-eabi/lib/thumb/v7e-m/nofp/libg_nano.a(lib_a-findfp.o)
 .debug_rnglists
                0x00000000000004f7       0x19 /usr/lib/gcc/arm-none-eabi/12.1.0/../../../../arm-none-eabi/lib/thumb/v7e-m/nofp/libg_nano.a(lib_a-fwalk.o)
 .debug_rnglists
                0x0000000000000510       0x19 /usr/lib/gcc/arm-none-eabi/12.1.0/../../../../arm-none-eabi/lib/thumb/v7e-m/nofp/libg_nano.a(lib_a-lock.o)
 .debug_rnglists
                0x0000000000000529       0x26 /usr/lib/gcc/arm-none-eabi/12.1.0/../../../../arm-none-eabi/lib/thumb/v7e-m/nofp/libg_nano.a(lib_a-nano-mallocr.o)
 .debug_rnglists
                0x000000000000054f       0x3b /usr/lib/gcc/arm-none-eabi/12.1.0/../../../../arm-none-eabi/lib/thumb/v7e-m/nofp/libg_nano.a(lib_a-nano-vfprintf.o)
 .debug_rnglists
                0x000000000000058a       0x13 /usr/lib/gcc/arm-none-eabi/12.1.0/../../../../arm-none-eabi/lib/thumb/v7e-m/nofp/libg_nano.a(lib_a-sbrkr.o)
 .debug_rnglists
                0x000000000000059d       0x2b /usr/lib/gcc/arm-none-eabi/12.1.0/../../../../arm-none-eabi/lib/thumb/v7e-m/nofp/libg_nano.a(lib_a-stdio.o)
 .debug_rnglists
                0x00000000000005c8       0x2a /usr/lib/gcc/arm-none-eabi/12.1.0/../../../../arm-none-eabi/lib/thumb/v7e-m/nofp/libg_nano.a(lib_a-wbuf.o)
 .debug_rnglists
                0x00000000000005f2       0x13 /usr/lib/gcc/arm-none-eabi/12.1.0/../../../../arm-none-eabi/lib/thumb/v7e-m/nofp/libg_nano.a(lib_a-writer.o)
 .debug_rnglists
                0x0000000000000605       0x26 /usr/lib/gcc/arm-none-eabi/12.1.0/../../../../arm-none-eabi/lib/thumb/v7e-m/nofp/libg_nano.a(lib_a-wsetup.o)
 .debug_rnglists
                0x000000000000062b       0x13 /usr/lib/gcc/arm-none-eabi/12.1.0/../../../../arm-none-eabi/lib/thumb/v7e-m/nofp/libg_nano.a(lib_a-closer.o)
 .debug_rnglists
                0x000000000000063e       0x47 /usr/lib/gcc/arm-none-eabi/12.1.0/../../../../arm-none-eabi/lib/thumb/v7e-m/nofp/libg_nano.a(lib_a-fflush.o)
 .debug_rnglists
                0x0000000000000685       0x13 /usr/lib/gcc/arm-none-eabi/12.1.0/../../../../arm-none-eabi/lib/thumb/v7e-m/nofp/libg_nano.a(lib_a-lseekr.o)
 .debug_rnglists
                0x0000000000000698       0x1a /usr/lib/gcc/arm-none-eabi/12.1.0/../../../../arm-none-eabi/lib/thumb/v7e-m/nofp/libg_nano.a(lib_a-makebuf.o)
 .debug_rnglists
                0x00000000000006b2       0x19 /usr/lib/gcc/arm-none-eabi/12.1.0/../../../../arm-none-eabi/lib/thumb/v7e-m/nofp/libg_nano.a(lib_a-mlock.o)
 .debug_rnglists
                0x00000000000006cb       0x14 /usr/lib/gcc/arm-none-eabi/12.1.0/../../../../arm-none-eabi/lib/thumb/v7e-m/nofp/libg_nano.a(lib_a-nano-freer.o)
 .debug_rnglists
                0x00000000000006df       0x5c /usr/lib/gcc/arm-none-eabi/12.1.0/../../../../arm-none-eabi/lib/thumb/v7e-m/nofp/libg_nano.a(lib_a-nano-vfprintf_i.o)
 .debug_rnglists
                0x000000000000073b       0x13 /usr/lib/gcc/arm-none-eabi/12.1.0/../../../../arm-none-eabi/lib/thumb/v7e-m/nofp/libg_nano.a(lib_a-readr.o)
 .debug_rnglists
                0x000000000000074e       0x2c /usr/lib/gcc/arm-none-eabi/12.1.0/../../../../arm-none-eabi/lib/thumb/v7e-m/nofp/libg_nano.a(lib_a-reent.o)
 .debug_rnglists
                0x000000000000077a       0x13 /usr/lib/gcc/arm-none-eabi/12.1.0/../../../../arm-none-eabi/lib/thumb/v7e-m/nofp/libg_nano.a(lib_a-fstatr.o)
 .debug_rnglists
                0x000000000000078d       0x13 /usr/lib/gcc/arm-none-eabi/12.1.0/../../../../arm-none-eabi/lib/thumb/v7e-m/nofp/libg_nano.a(lib_a-isattyr.o)

.debug_line     0x0000000000000000     0x8641
 .debug_line    0x0000000000000000      0x556 CMakeFiles/stm32_temp_sensor.elf.dir/Core/Src/main.c.obj
 .debug_line    0x0000000000000556      0x251 CMakeFiles/stm32_temp_sensor.elf.dir/Core/Src/stm32f4xx_hal_msp.c.obj
 .debug_line    0x00000000000007a7      0x1e9 CMakeFiles/stm32_temp_sensor.elf.dir/Core/Src/stm32f4xx_it.c.obj
 .debug_line    0x0000000000000990      0x39e CMakeFiles/stm32_temp_sensor.elf.dir/Core/Src/syscalls.c.obj
 .debug_line    0x0000000000000d2e      0x165 CMakeFiles/stm32_temp_sensor.elf.dir/Core/Src/sysmem.c.obj
 .debug_line    0x0000000000000e93      0x221 CMakeFiles/stm32_temp_sensor.elf.dir/Core/Src/system_stm32f4xx.c.obj
 .debug_line    0x00000000000010b4       0x7a CMakeFiles/stm32_temp_sensor.elf.dir/Core/Startup/startup_stm32f401ccux.s.obj
 .debug_line    0x000000000000112e      0x5c3 CMakeFiles/stm32_temp_sensor.elf.dir/Drivers/STM32F4xx_HAL_Driver/Src/stm32f4xx_hal.c.obj
 .debug_line    0x00000000000016f1     0x105c CMakeFiles/stm32_temp_sensor.elf.dir/Drivers/STM32F4xx_HAL_Driver/Src/stm32f4xx_hal_adc.c.obj
 .debug_line    0x000000000000274d      0x86e CMakeFiles/stm32_temp_sensor.elf.dir/Drivers/STM32F4xx_HAL_Driver/Src/stm32f4xx_hal_cortex.c.obj
 .debug_line    0x0000000000002fbb      0xb32 CMakeFiles/stm32_temp_sensor.elf.dir/Drivers/STM32F4xx_HAL_Driver/Src/stm32f4xx_hal_rcc.c.obj
 .debug_line    0x0000000000003aed       0x4e /usr/lib/gcc/arm-none-eabi/12.1.0/thumb/v7e-m/nofp/libgcc.a(_aeabi_uldivmod.o)
 .debug_line    0x0000000000003b3b      0x561 /usr/lib/gcc/arm-none-eabi/12.1.0/thumb/v7e-m/nofp/libgcc.a(_udivmoddi4.o)
 .debug_line    0x000000000000409c       0x4a /usr/lib/gcc/arm-none-eabi/12.1.0/thumb/v7e-m/nofp/libgcc.a(_dvmd_tls.o)
 .debug_line    0x00000000000040e6      0x130 /usr/lib/gcc/arm-none-eabi/12.1.0/../../../../arm-none-eabi/lib/thumb/v7e-m/nofp/libg_nano.a(lib_a-errno.o)
 .debug_line    0x0000000000004216      0x10e /usr/lib/gcc/arm-none-eabi/12.1.0/../../../../arm-none-eabi/lib/thumb/v7e-m/nofp/libg_nano.a(lib_a-impure.o)
 .debug_line    0x0000000000004324      0x13b /usr/lib/gcc/arm-none-eabi/12.1.0/../../../../arm-none-eabi/lib/thumb/v7e-m/nofp/libg_nano.a(lib_a-init.o)
 .debug_line    0x000000000000445f      0x129 /usr/lib/gcc/arm-none-eabi/12.1.0/../../../../arm-none-eabi/lib/thumb/v7e-m/nofp/libg_nano.a(lib_a-memset.o)
 .debug_line    0x0000000000004588      0x25c /usr/lib/gcc/arm-none-eabi/12.1.0/../../../../arm-none-eabi/lib/thumb/v7e-m/nofp/libg_nano.a(lib_a-printf.o)
 .debug_line    0x00000000000047e4      0x545 /usr/lib/gcc/arm-none-eabi/12.1.0/../../../../arm-none-eabi/lib/thumb/v7e-m/nofp/libg_nano.a(lib_a-findfp.o)
 .debug_line    0x0000000000004d29      0x276 /usr/lib/gcc/arm-none-eabi/12.1.0/../../../../arm-none-eabi/lib/thumb/v7e-m/nofp/libg_nano.a(lib_a-fwalk.o)
 .debug_line    0x0000000000004f9f       0xeb /usr/lib/gcc/arm-none-eabi/12.1.0/../../../../arm-none-eabi/lib/thumb/v7e-m/nofp/libg_nano.a(lib_a-lock.o)
 .debug_line    0x000000000000508a      0x437 /usr/lib/gcc/arm-none-eabi/12.1.0/../../../../arm-none-eabi/lib/thumb/v7e-m/nofp/libg_nano.a(lib_a-nano-mallocr.o)
 .debug_line    0x00000000000054c1      0x6a1 /usr/lib/gcc/arm-none-eabi/12.1.0/../../../../arm-none-eabi/lib/thumb/v7e-m/nofp/libg_nano.a(lib_a-nano-vfprintf.o)
 .debug_line    0x0000000000005b62      0x1be /usr/lib/gcc/arm-none-eabi/12.1.0/../../../../arm-none-eabi/lib/thumb/v7e-m/nofp/libg_nano.a(lib_a-sbrkr.o)
 .debug_line    0x0000000000005d20      0x297 /usr/lib/gcc/arm-none-eabi/12.1.0/../../../../arm-none-eabi/lib/thumb/v7e-m/nofp/libg_nano.a(lib_a-stdio.o)
 .debug_line    0x0000000000005fb7      0x2a1 /usr/lib/gcc/arm-none-eabi/12.1.0/../../../../arm-none-eabi/lib/thumb/v7e-m/nofp/libg_nano.a(lib_a-wbuf.o)
 .debug_line    0x0000000000006258      0x1bd /usr/lib/gcc/arm-none-eabi/12.1.0/../../../../arm-none-eabi/lib/thumb/v7e-m/nofp/libg_nano.a(lib_a-writer.o)
 .debug_line    0x0000000000006415      0x2e5 /usr/lib/gcc/arm-none-eabi/12.1.0/../../../../arm-none-eabi/lib/thumb/v7e-m/nofp/libg_nano.a(lib_a-wsetup.o)
 .debug_line    0x00000000000066fa      0x1be /usr/lib/gcc/arm-none-eabi/12.1.0/../../../../arm-none-eabi/lib/thumb/v7e-m/nofp/libg_nano.a(lib_a-closer.o)
 .debug_line    0x00000000000068b8      0x44b /usr/lib/gcc/arm-none-eabi/12.1.0/../../../../arm-none-eabi/lib/thumb/v7e-m/nofp/libg_nano.a(lib_a-fflush.o)
 .debug_line    0x0000000000006d03      0x1bd /usr/lib/gcc/arm-none-eabi/12.1.0/../../../../arm-none-eabi/lib/thumb/v7e-m/nofp/libg_nano.a(lib_a-lseekr.o)
 .debug_line    0x0000000000006ec0      0x364 /usr/lib/gcc/arm-none-eabi/12.1.0/../../../../arm-none-eabi/lib/thumb/v7e-m/nofp/libg_nano.a(lib_a-makebuf.o)
 .debug_line    0x0000000000007224       0x82 /usr/lib/gcc/arm-none-eabi/12.1.0/../../../../arm-none-eabi/lib/thumb/v7e-m/nofp/libg_nano.a(lib_a-memchr.o)
 .debug_line    0x00000000000072a6      0x190 /usr/lib/gcc/arm-none-eabi/12.1.0/../../../../arm-none-eabi/lib/thumb/v7e-m/nofp/libg_nano.a(lib_a-mlock.o)
 .debug_line    0x0000000000007436      0x2ab /usr/lib/gcc/arm-none-eabi/12.1.0/../../../../arm-none-eabi/lib/thumb/v7e-m/nofp/libg_nano.a(lib_a-nano-freer.o)
 .debug_line    0x00000000000076e1      0x6d8 /usr/lib/gcc/arm-none-eabi/12.1.0/../../../../arm-none-eabi/lib/thumb/v7e-m/nofp/libg_nano.a(lib_a-nano-vfprintf_i.o)
 .debug_line    0x0000000000007db9      0x1bc /usr/lib/gcc/arm-none-eabi/12.1.0/../../../../arm-none-eabi/lib/thumb/v7e-m/nofp/libg_nano.a(lib_a-readr.o)
 .debug_line    0x0000000000007f75      0x2c3 /usr/lib/gcc/arm-none-eabi/12.1.0/../../../../arm-none-eabi/lib/thumb/v7e-m/nofp/libg_nano.a(lib_a-reent.o)
 .debug_line    0x0000000000008238      0x24a /usr/lib/gcc/arm-none-eabi/12.1.0/../../../../arm-none-eabi/lib/thumb/v7e-m/nofp/libg_nano.a(lib_a-fstatr.o)
 .debug_line    0x0000000000008482      0x1bf /usr/lib/gcc/arm-none-eabi/12.1.0/../../../../arm-none-eabi/lib/thumb/v7e-m/nofp/libg_nano.a(lib_a-isattyr.o)

.debug_str      0x0000000000000000     0x3bea
 .debug_str     0x0000000000000000      0x93e CMakeFiles/stm32_temp_sensor.elf.dir/Core/Src/main.c.obj
                                        0x9e6 (size before relaxing)
 .debug_str     0x000000000000093e       0x7d CMakeFiles/stm32_temp_sensor.elf.dir/Core/Src/stm32f4xx_hal_msp.c.obj
                                        0x6f9 (size before relaxing)
 .debug_str     0x00000000000009bb       0xf8 CMakeFiles/stm32_temp_sensor.elf.dir/Core/Src/stm32f4xx_it.c.obj
                                        0x279 (size before relaxing)
 .debug_str     0x0000000000000ab3      0x227 CMakeFiles/stm32_temp_sensor.elf.dir/Core/Src/syscalls.c.obj
                                        0x42c (size before relaxing)
 .debug_str     0x0000000000000cda       0x9f CMakeFiles/stm32_temp_sensor.elf.dir/Core/Src/sysmem.c.obj
                                        0x258 (size before relaxing)
 .debug_str     0x0000000000000d79       0xb1 CMakeFiles/stm32_temp_sensor.elf.dir/Core/Src/system_stm32f4xx.c.obj
                                        0x366 (size before relaxing)
 .debug_str     0x0000000000000e2a       0x5e CMakeFiles/stm32_temp_sensor.elf.dir/Core/Startup/startup_stm32f401ccux.s.obj
                                         0x9d (size before relaxing)
 .debug_str     0x0000000000000e88      0x706 CMakeFiles/stm32_temp_sensor.elf.dir/Drivers/STM32F4xx_HAL_Driver/Src/stm32f4xx_hal.c.obj
                                        0xa47 (size before relaxing)
 .debug_str     0x000000000000158e      0x2ea CMakeFiles/stm32_temp_sensor.elf.dir/Drivers/STM32F4xx_HAL_Driver/Src/stm32f4xx_hal_adc.c.obj
                                        0x995 (size before relaxing)
 .debug_str     0x0000000000001878      0x4cb CMakeFiles/stm32_temp_sensor.elf.dir/Drivers/STM32F4xx_HAL_Driver/Src/stm32f4xx_hal_cortex.c.obj
                                        0xafd (size before relaxing)
 .debug_str     0x0000000000001d43      0x21b CMakeFiles/stm32_temp_sensor.elf.dir/Drivers/STM32F4xx_HAL_Driver/Src/stm32f4xx_hal_rcc.c.obj
                                        0x74b (size before relaxing)
 .debug_str     0x0000000000001f5e       0x61 /usr/lib/gcc/arm-none-eabi/12.1.0/thumb/v7e-m/nofp/libgcc.a(_aeabi_uldivmod.o)
 .debug_str     0x0000000000001fbf      0x5a4 /usr/lib/gcc/arm-none-eabi/12.1.0/thumb/v7e-m/nofp/libgcc.a(_udivmoddi4.o)
                                        0x6a1 (size before relaxing)
 .debug_str     0x0000000000002563        0xc /usr/lib/gcc/arm-none-eabi/12.1.0/thumb/v7e-m/nofp/libgcc.a(_dvmd_tls.o)
                                         0x65 (size before relaxing)
 .debug_str     0x000000000000256f      0x401 /usr/lib/gcc/arm-none-eabi/12.1.0/../../../../arm-none-eabi/lib/thumb/v7e-m/nofp/libg_nano.a(lib_a-errno.o)
                                        0x523 (size before relaxing)
 .debug_str     0x0000000000002970      0x103 /usr/lib/gcc/arm-none-eabi/12.1.0/../../../../arm-none-eabi/lib/thumb/v7e-m/nofp/libg_nano.a(lib_a-impure.o)
                                        0x57a (size before relaxing)
 .debug_str     0x0000000000002a73      0x101 /usr/lib/gcc/arm-none-eabi/12.1.0/../../../../arm-none-eabi/lib/thumb/v7e-m/nofp/libg_nano.a(lib_a-init.o)
                                        0x22a (size before relaxing)
 .debug_str     0x0000000000002b74       0xa7 /usr/lib/gcc/arm-none-eabi/12.1.0/../../../../arm-none-eabi/lib/thumb/v7e-m/nofp/libg_nano.a(lib_a-memset.o)
                                        0x1cb (size before relaxing)
 .debug_str     0x0000000000002c1b       0xe1 /usr/lib/gcc/arm-none-eabi/12.1.0/../../../../arm-none-eabi/lib/thumb/v7e-m/nofp/libg_nano.a(lib_a-printf.o)
                                        0x56c (size before relaxing)
 .debug_str     0x0000000000002cfc      0x294 /usr/lib/gcc/arm-none-eabi/12.1.0/../../../../arm-none-eabi/lib/thumb/v7e-m/nofp/libg_nano.a(lib_a-findfp.o)
                                        0x825 (size before relaxing)
 .debug_str     0x0000000000002f90       0x57 /usr/lib/gcc/arm-none-eabi/12.1.0/../../../../arm-none-eabi/lib/thumb/v7e-m/nofp/libg_nano.a(lib_a-fwalk.o)
                                        0x540 (size before relaxing)
 .debug_str     0x0000000000002fe7      0x1c7 /usr/lib/gcc/arm-none-eabi/12.1.0/../../../../arm-none-eabi/lib/thumb/v7e-m/nofp/libg_nano.a(lib_a-lock.o)
                                        0x35b (size before relaxing)
 .debug_str     0x00000000000031ae      0x160 /usr/lib/gcc/arm-none-eabi/12.1.0/../../../../arm-none-eabi/lib/thumb/v7e-m/nofp/libg_nano.a(lib_a-nano-mallocr.o)
                                        0x610 (size before relaxing)
 .debug_str     0x000000000000330e      0x2c1 /usr/lib/gcc/arm-none-eabi/12.1.0/../../../../arm-none-eabi/lib/thumb/v7e-m/nofp/libg_nano.a(lib_a-nano-vfprintf.o)
                                        0x919 (size before relaxing)
 .debug_str     0x00000000000035cf       0x48 /usr/lib/gcc/arm-none-eabi/12.1.0/../../../../arm-none-eabi/lib/thumb/v7e-m/nofp/libg_nano.a(lib_a-sbrkr.o)
                                        0x532 (size before relaxing)
 .debug_str     0x0000000000003617       0x86 /usr/lib/gcc/arm-none-eabi/12.1.0/../../../../arm-none-eabi/lib/thumb/v7e-m/nofp/libg_nano.a(lib_a-stdio.o)
                                        0x596 (size before relaxing)
 .debug_str     0x000000000000369d       0x4f /usr/lib/gcc/arm-none-eabi/12.1.0/../../../../arm-none-eabi/lib/thumb/v7e-m/nofp/libg_nano.a(lib_a-wbuf.o)
                                        0x59e (size before relaxing)
 .debug_str     0x00000000000036ec       0x49 /usr/lib/gcc/arm-none-eabi/12.1.0/../../../../arm-none-eabi/lib/thumb/v7e-m/nofp/libg_nano.a(lib_a-writer.o)
                                        0x52f (size before relaxing)
 .debug_str     0x0000000000003735       0x5e /usr/lib/gcc/arm-none-eabi/12.1.0/../../../../arm-none-eabi/lib/thumb/v7e-m/nofp/libg_nano.a(lib_a-wsetup.o)
                                        0x599 (size before relaxing)
 .debug_str     0x0000000000003793       0x49 /usr/lib/gcc/arm-none-eabi/12.1.0/../../../../arm-none-eabi/lib/thumb/v7e-m/nofp/libg_nano.a(lib_a-closer.o)
                                        0x51f (size before relaxing)
 .debug_str     0x00000000000037dc       0x6c /usr/lib/gcc/arm-none-eabi/12.1.0/../../../../arm-none-eabi/lib/thumb/v7e-m/nofp/libg_nano.a(lib_a-fflush.o)
                                        0x61e (size before relaxing)
 .debug_str     0x0000000000003848       0x49 /usr/lib/gcc/arm-none-eabi/12.1.0/../../../../arm-none-eabi/lib/thumb/v7e-m/nofp/libg_nano.a(lib_a-lseekr.o)
                                        0x52d (size before relaxing)
 .debug_str     0x0000000000003891       0x82 /usr/lib/gcc/arm-none-eabi/12.1.0/../../../../arm-none-eabi/lib/thumb/v7e-m/nofp/libg_nano.a(lib_a-makebuf.o)
                                        0x6c7 (size before relaxing)
 .debug_str     0x0000000000003913       0x6b /usr/lib/gcc/arm-none-eabi/12.1.0/../../../../arm-none-eabi/lib/thumb/v7e-m/nofp/libg_nano.a(lib_a-memchr.o)
                                         0x77 (size before relaxing)
 .debug_str     0x000000000000397e       0x49 /usr/lib/gcc/arm-none-eabi/12.1.0/../../../../arm-none-eabi/lib/thumb/v7e-m/nofp/libg_nano.a(lib_a-mlock.o)
                                        0x5ac (size before relaxing)
 .debug_str     0x00000000000039c7       0x24 /usr/lib/gcc/arm-none-eabi/12.1.0/../../../../arm-none-eabi/lib/thumb/v7e-m/nofp/libg_nano.a(lib_a-nano-freer.o)
                                        0x5b1 (size before relaxing)
 .debug_str     0x00000000000039eb       0xaa /usr/lib/gcc/arm-none-eabi/12.1.0/../../../../arm-none-eabi/lib/thumb/v7e-m/nofp/libg_nano.a(lib_a-nano-vfprintf_i.o)
                                        0x808 (size before relaxing)
 .debug_str     0x0000000000003a95       0x48 /usr/lib/gcc/arm-none-eabi/12.1.0/../../../../arm-none-eabi/lib/thumb/v7e-m/nofp/libg_nano.a(lib_a-readr.o)
                                        0x52d (size before relaxing)
 .debug_str     0x0000000000003add       0x74 /usr/lib/gcc/arm-none-eabi/12.1.0/../../../../arm-none-eabi/lib/thumb/v7e-m/nofp/libg_nano.a(lib_a-reent.o)
                                        0x55a (size before relaxing)
 .debug_str     0x0000000000003b51       0x4f /usr/lib/gcc/arm-none-eabi/12.1.0/../../../../arm-none-eabi/lib/thumb/v7e-m/nofp/libg_nano.a(lib_a-fstatr.o)
                                        0x671 (size before relaxing)
 .debug_str     0x0000000000003ba0       0x4a /usr/lib/gcc/arm-none-eabi/12.1.0/../../../../arm-none-eabi/lib/thumb/v7e-m/nofp/libg_nano.a(lib_a-isattyr.o)
                                        0x529 (size before relaxing)

.comment        0x0000000000000000       0x3c
 .comment       0x0000000000000000       0x1e CMakeFiles/stm32_temp_sensor.elf.dir/Core/Src/main.c.obj
                                         0x1f (size before relaxing)
 .comment       0x000000000000001e       0x1f CMakeFiles/stm32_temp_sensor.elf.dir/Core/Src/stm32f4xx_hal_msp.c.obj
 .comment       0x000000000000001e       0x1f CMakeFiles/stm32_temp_sensor.elf.dir/Core/Src/stm32f4xx_it.c.obj
 .comment       0x000000000000001e       0x1f CMakeFiles/stm32_temp_sensor.elf.dir/Core/Src/syscalls.c.obj
 .comment       0x000000000000001e       0x1f CMakeFiles/stm32_temp_sensor.elf.dir/Core/Src/sysmem.c.obj
 .comment       0x000000000000001e       0x1f CMakeFiles/stm32_temp_sensor.elf.dir/Core/Src/system_stm32f4xx.c.obj
 .comment       0x000000000000001e       0x1f CMakeFiles/stm32_temp_sensor.elf.dir/Drivers/STM32F4xx_HAL_Driver/Src/stm32f4xx_hal.c.obj
 .comment       0x000000000000001e       0x1f CMakeFiles/stm32_temp_sensor.elf.dir/Drivers/STM32F4xx_HAL_Driver/Src/stm32f4xx_hal_adc.c.obj
 .comment       0x000000000000001e       0x1f CMakeFiles/stm32_temp_sensor.elf.dir/Drivers/STM32F4xx_HAL_Driver/Src/stm32f4xx_hal_cortex.c.obj
 .comment       0x000000000000001e       0x1f CMakeFiles/stm32_temp_sensor.elf.dir/Drivers/STM32F4xx_HAL_Driver/Src/stm32f4xx_hal_rcc.c.obj
 .comment       0x000000000000001e       0x1f /usr/lib/gcc/arm-none-eabi/12.1.0/thumb/v7e-m/nofp/libgcc.a(_udivmoddi4.o)
 .comment       0x000000000000001e       0x1e /usr/lib/gcc/arm-none-eabi/12.1.0/../../../../arm-none-eabi/lib/thumb/v7e-m/nofp/libg_nano.a(lib_a-errno.o)
                                         0x1f (size before relaxing)
 .comment       0x000000000000003c       0x1f /usr/lib/gcc/arm-none-eabi/12.1.0/../../../../arm-none-eabi/lib/thumb/v7e-m/nofp/libg_nano.a(lib_a-impure.o)
 .comment       0x000000000000003c       0x1f /usr/lib/gcc/arm-none-eabi/12.1.0/../../../../arm-none-eabi/lib/thumb/v7e-m/nofp/libg_nano.a(lib_a-init.o)
 .comment       0x000000000000003c       0x1f /usr/lib/gcc/arm-none-eabi/12.1.0/../../../../arm-none-eabi/lib/thumb/v7e-m/nofp/libg_nano.a(lib_a-memset.o)